Archive member included to satisfy reference by file (symbol)

C:/ST/STM32CubeIDE_1.18.1/STM32CubeIDE/plugins/com.st.stm32cube.ide.mcu.externaltools.gnu-tools-for-stm32.13.3.rel1.win32_1.0.0.202411081344/tools/bin/../lib/gcc/arm-none-eabi/13.3.1/../../../../arm-none-eabi/lib/thumb/v7e-m+fp/hard\libc_nano.a(libc_a-exit.o)
                              C:/ST/STM32CubeIDE_1.18.1/STM32CubeIDE/plugins/com.st.stm32cube.ide.mcu.externaltools.gnu-tools-for-stm32.13.3.rel1.win32_1.0.0.202411081344/tools/bin/../lib/gcc/arm-none-eabi/13.3.1/../../../../arm-none-eabi/lib/thumb/v7e-m+fp/hard/crt0.o (exit)
C:/ST/STM32CubeIDE_1.18.1/STM32CubeIDE/plugins/com.st.stm32cube.ide.mcu.externaltools.gnu-tools-for-stm32.13.3.rel1.win32_1.0.0.202411081344/tools/bin/../lib/gcc/arm-none-eabi/13.3.1/../../../../arm-none-eabi/lib/thumb/v7e-m+fp/hard\libc_nano.a(libc_a-findfp.o)
                              C:/ST/STM32CubeIDE_1.18.1/STM32CubeIDE/plugins/com.st.stm32cube.ide.mcu.externaltools.gnu-tools-for-stm32.13.3.rel1.win32_1.0.0.202411081344/tools/bin/../lib/gcc/arm-none-eabi/13.3.1/../../../../arm-none-eabi/lib/thumb/v7e-m+fp/hard\libc_nano.a(libc_a-exit.o) (__stdio_exit_handler)
C:/ST/STM32CubeIDE_1.18.1/STM32CubeIDE/plugins/com.st.stm32cube.ide.mcu.externaltools.gnu-tools-for-stm32.13.3.rel1.win32_1.0.0.202411081344/tools/bin/../lib/gcc/arm-none-eabi/13.3.1/../../../../arm-none-eabi/lib/thumb/v7e-m+fp/hard\libc_nano.a(libc_a-fwalk.o)
                              C:/ST/STM32CubeIDE_1.18.1/STM32CubeIDE/plugins/com.st.stm32cube.ide.mcu.externaltools.gnu-tools-for-stm32.13.3.rel1.win32_1.0.0.202411081344/tools/bin/../lib/gcc/arm-none-eabi/13.3.1/../../../../arm-none-eabi/lib/thumb/v7e-m+fp/hard\libc_nano.a(libc_a-findfp.o) (_fwalk_sglue)
C:/ST/STM32CubeIDE_1.18.1/STM32CubeIDE/plugins/com.st.stm32cube.ide.mcu.externaltools.gnu-tools-for-stm32.13.3.rel1.win32_1.0.0.202411081344/tools/bin/../lib/gcc/arm-none-eabi/13.3.1/../../../../arm-none-eabi/lib/thumb/v7e-m+fp/hard\libc_nano.a(libc_a-stdio.o)
                              C:/ST/STM32CubeIDE_1.18.1/STM32CubeIDE/plugins/com.st.stm32cube.ide.mcu.externaltools.gnu-tools-for-stm32.13.3.rel1.win32_1.0.0.202411081344/tools/bin/../lib/gcc/arm-none-eabi/13.3.1/../../../../arm-none-eabi/lib/thumb/v7e-m+fp/hard\libc_nano.a(libc_a-findfp.o) (__sread)
C:/ST/STM32CubeIDE_1.18.1/STM32CubeIDE/plugins/com.st.stm32cube.ide.mcu.externaltools.gnu-tools-for-stm32.13.3.rel1.win32_1.0.0.202411081344/tools/bin/../lib/gcc/arm-none-eabi/13.3.1/../../../../arm-none-eabi/lib/thumb/v7e-m+fp/hard\libc_nano.a(libc_a-memset.o)
                              C:/ST/STM32CubeIDE_1.18.1/STM32CubeIDE/plugins/com.st.stm32cube.ide.mcu.externaltools.gnu-tools-for-stm32.13.3.rel1.win32_1.0.0.202411081344/tools/bin/../lib/gcc/arm-none-eabi/13.3.1/../../../../arm-none-eabi/lib/thumb/v7e-m+fp/hard/crt0.o (memset)
C:/ST/STM32CubeIDE_1.18.1/STM32CubeIDE/plugins/com.st.stm32cube.ide.mcu.externaltools.gnu-tools-for-stm32.13.3.rel1.win32_1.0.0.202411081344/tools/bin/../lib/gcc/arm-none-eabi/13.3.1/../../../../arm-none-eabi/lib/thumb/v7e-m+fp/hard\libc_nano.a(libc_a-closer.o)
                              C:/ST/STM32CubeIDE_1.18.1/STM32CubeIDE/plugins/com.st.stm32cube.ide.mcu.externaltools.gnu-tools-for-stm32.13.3.rel1.win32_1.0.0.202411081344/tools/bin/../lib/gcc/arm-none-eabi/13.3.1/../../../../arm-none-eabi/lib/thumb/v7e-m+fp/hard\libc_nano.a(libc_a-stdio.o) (_close_r)
C:/ST/STM32CubeIDE_1.18.1/STM32CubeIDE/plugins/com.st.stm32cube.ide.mcu.externaltools.gnu-tools-for-stm32.13.3.rel1.win32_1.0.0.202411081344/tools/bin/../lib/gcc/arm-none-eabi/13.3.1/../../../../arm-none-eabi/lib/thumb/v7e-m+fp/hard\libc_nano.a(libc_a-reent.o)
                              C:/ST/STM32CubeIDE_1.18.1/STM32CubeIDE/plugins/com.st.stm32cube.ide.mcu.externaltools.gnu-tools-for-stm32.13.3.rel1.win32_1.0.0.202411081344/tools/bin/../lib/gcc/arm-none-eabi/13.3.1/../../../../arm-none-eabi/lib/thumb/v7e-m+fp/hard\libc_nano.a(libc_a-closer.o) (errno)
C:/ST/STM32CubeIDE_1.18.1/STM32CubeIDE/plugins/com.st.stm32cube.ide.mcu.externaltools.gnu-tools-for-stm32.13.3.rel1.win32_1.0.0.202411081344/tools/bin/../lib/gcc/arm-none-eabi/13.3.1/../../../../arm-none-eabi/lib/thumb/v7e-m+fp/hard\libc_nano.a(libc_a-impure.o)
                              C:/ST/STM32CubeIDE_1.18.1/STM32CubeIDE/plugins/com.st.stm32cube.ide.mcu.externaltools.gnu-tools-for-stm32.13.3.rel1.win32_1.0.0.202411081344/tools/bin/../lib/gcc/arm-none-eabi/13.3.1/../../../../arm-none-eabi/lib/thumb/v7e-m+fp/hard\libc_nano.a(libc_a-reent.o) (_impure_ptr)
C:/ST/STM32CubeIDE_1.18.1/STM32CubeIDE/plugins/com.st.stm32cube.ide.mcu.externaltools.gnu-tools-for-stm32.13.3.rel1.win32_1.0.0.202411081344/tools/bin/../lib/gcc/arm-none-eabi/13.3.1/../../../../arm-none-eabi/lib/thumb/v7e-m+fp/hard\libc_nano.a(libc_a-lseekr.o)
[...]
Memory Configuration

Name             Origin             Length             Attributes
RAM              0x20000000         0x00020000         xrw
CCMRAM           0x10000000         0x00010000         xrw
FLASH            0x08000000         0x00100000         xr
*default*        0x00000000         0xffffffff

Linker script and memory map

LOAD C:/ST/STM32CubeIDE_1.18.1/STM32CubeIDE/plugins/com.st.stm32cube.ide.mcu.externaltools.gnu-tools-for-stm32.13.3.rel1.win32_1.0.0.202411081344/tools/bin/../lib/gcc/arm-none-eabi/13.3.1/thumb/v7e-m+fp/hard/crti.o
LOAD C:/ST/STM32CubeIDE_1.18.1/STM32CubeIDE/plugins/com.st.stm32cube.ide.mcu.externaltools.gnu-tools-for-stm32.13.3.rel1.win32_1.0.0.202411081344/tools/bin/../lib/gcc/arm-none-eabi/13.3.1/thumb/v7e-m+fp/hard/crtbegin.o
LOAD C:/ST/STM32CubeIDE_1.18.1/STM32CubeIDE/plugins/com.st.stm32cube.ide.mcu.externaltools.gnu-tools-for-stm32.13.3.rel1.win32_1.0.0.202411081344/tools/bin/../lib/gcc/arm-none-eabi/13.3.1/../../../../arm-none-eabi/lib/thumb/v7e-m+fp/hard/crt0.o
START GROUP
LOAD C:/ST/STM32CubeIDE_1.18.1/STM32CubeIDE/plugins/com.st.stm32cube.ide.mcu.externaltools.gnu-tools-for-stm32.13.3.rel1.win32_1.0.0.202411081344/tools/bin/../lib/gcc/arm-none-eabi/13.3.1/../../../../arm-none-eabi/lib/thumb/v7e-m+fp/hard\libc_nano.a
LOAD C:/ST/STM32CubeIDE_1.18.1/STM32CubeIDE/plugins/com.st.stm32cube.ide.mcu.externaltools.gnu-tools-for-stm32.13.3.rel1.win32_1.0.0.202411081344/tools/bin/../lib/gcc/arm-none-eabi/13.3.1/../../../../arm-none-eabi/lib/thumb/v7e-m+fp/hard\libm.a
END GROUP
LOAD CMakeFiles/Aks-SmartCar.dir/Core/Src/motor.c.obj
LOAD CMakeFiles/Aks-SmartCar.dir/Core/Src/servo.c.obj
LOAD CMakeFiles/Aks-SmartCar.dir/Core/Src/main.c.obj
LOAD CMakeFiles/Aks-SmartCar.dir/Core/Src/gpio.c.obj
LOAD CMakeFiles/Aks-SmartCar.dir/Core/Src/dma.c.obj
LOAD CMakeFiles/Aks-SmartCar.dir/Core/Src/tim.c.obj
LOAD CMakeFiles/Aks-SmartCar.dir/Core/Src/usart.c.obj
LOAD CMakeFiles/Aks-SmartCar.dir/Core/Src/stm32f4xx_it.c.obj
LOAD CMakeFiles/Aks-SmartCar.dir/Core/Src/stm32f4xx_hal_msp.c.obj
LOAD CMakeFiles/Aks-SmartCar.dir/Core/Src/sysmem.c.obj
LOAD CMakeFiles/Aks-SmartCar.dir/Core/Src/syscalls.c.obj
LOAD CMakeFiles/Aks-SmartCar.dir/startup_stm32f407xx.s.obj
LOAD D:/Users/sky/Desktop/MCDP/code/AKS_CAR/config_default/cmake/stm32cubemx/CMakeFiles/STM32_Drivers.dir/__/__/Core/Src/system_stm32f4xx.c.obj
LOAD D:/Users/sky/Desktop/MCDP/code/AKS_CAR/config_default/cmake/stm32cubemx/CMakeFiles/STM32_Drivers.dir/__/__/Drivers/STM32F4xx_HAL_Driver/Src/stm32f4xx_hal_tim.c.obj
LOAD D:/Users/sky/Desktop/MCDP/code/AKS_CAR/config_default/cmake/stm32cubemx/CMakeFiles/STM32_Drivers.dir/__/__/Drivers/STM32F4xx_HAL_Driver/Src/stm32f4xx_hal_tim_ex.c.obj
LOAD D:/Users/sky/Desktop/MCDP/code/AKS_CAR/config_default/cmake/stm32cubemx/CMakeFiles/STM32_Drivers.dir/__/__/Drivers/STM32F4xx_HAL_Driver/Src/stm32f4xx_hal_rcc.c.obj
LOAD D:/Users/sky/Desktop/MCDP/code/AKS_CAR/config_default/cmake/stm32cubemx/CMakeFiles/STM32_Drivers.dir/__/__/Drivers/STM32F4xx_HAL_Driver/Src/stm32f4xx_hal_rcc_ex.c.obj
LOAD D:/Users/sky/Desktop/MCDP/code/AKS_CAR/config_default/cmake/stm32cubemx/CMakeFiles/STM32_Drivers.dir/__/__/Drivers/STM32F4xx_HAL_Driver/Src/stm32f4xx_hal_flash.c.obj
LOAD D:/Users/sky/Desktop/MCDP/code/AKS_CAR/config_default/cmake/stm32cubemx/CMakeFiles/STM32_Drivers.dir/__/__/Drivers/STM32F4xx_HAL_Driver/Src/stm32f4xx_hal_flash_ex.c.obj
LOAD D:/Users/sky/Desktop/MCDP/code/AKS_CAR/config_default/cmake/stm32cubemx/CMakeFiles/STM32_Drivers.dir/__/__/Drivers/STM32F4xx_HAL_Driver/Src/stm32f4xx_hal_flash_ramfunc.c.obj
LOAD D:/Users/sky/Desktop/MCDP/code/AKS_CAR/config_default/cmake/stm32cubemx/CMakeFiles/STM32_Drivers.dir/__/__/Drivers/STM32F4xx_HAL_Driver/Src/stm32f4xx_hal_gpio.c.obj
LOAD D:/Users/sky/Desktop/MCDP/code/AKS_CAR/config_default/cmake/stm32cubemx/CMakeFiles/STM32_Drivers.dir/__/__/Drivers/STM32F4xx_HAL_Driver/Src/stm32f4xx_hal_dma_ex.c.obj
LOAD D:/Users/sky/Desktop/MCDP/code/AKS_CAR/config_default/cmake/stm32cubemx/CMakeFiles/STM32_Drivers.dir/__/__/Drivers/STM32F4xx_HAL_Driver/Src/stm32f4xx_hal_dma.c.obj
LOAD D:/Users/sky/Desktop/MCDP/code/AKS_CAR/config_default/cmake/stm32cubemx/CMakeFiles/STM32_Drivers.dir/__/__/Drivers/STM32F4xx_HAL_Driver/Src/stm32f4xx_hal_pwr.c.obj
LOAD D:/Users/sky/Desktop/MCDP/code/AKS_CAR/config_default/cmake/stm32cubemx/CMakeFiles/STM32_Drivers.dir/__/__/Drivers/STM32F4xx_HAL_Driver/Src/stm32f4xx_hal_pwr_ex.c.obj
LOAD D:/Users/sky/Desktop/MCDP/code/AKS_CAR/config_default/cmake/stm32cubemx/CMakeFiles/STM32_Drivers.dir/__/__/Drivers/STM32F4xx_HAL_Driver/Src/stm32f4xx_hal_cortex.c.obj
LOAD D:/Users/sky/Desktop/MCDP/code/AKS_CAR/config_default/cmake/stm32cubemx/CMakeFiles/STM32_Drivers.dir/__/__/Drivers/STM32F4xx_HAL_Driver/Src/stm32f4xx_hal.c.obj
LOAD D:/Users/sky/Desktop/MCDP/code/AKS_CAR/config_default/cmake/stm32cubemx/CMakeFiles/STM32_Drivers.dir/__/__/Drivers/STM32F4xx_HAL_Driver/Src/stm32f4xx_hal_exti.c.obj
LOAD D:/Users/sky/Desktop/MCDP/code/AKS_CAR/config_default/cmake/stm32cubemx/CMakeFiles/STM32_Drivers.dir/__/__/Drivers/STM32F4xx_HAL_Driver/Src/stm32f4xx_hal_uart.c.obj
START GROUP
LOAD C:/ST/STM32CubeIDE_1.18.1/STM32CubeIDE/plugins/com.st.stm32cube.ide.mcu.externaltools.gnu-tools-for-stm32.13.3.rel1.win32_1.0.0.202411081344/tools/bin/../lib/gcc/arm-none-eabi/13.3.1/thumb/v7e-m+fp/hard\libgcc.a
LOAD C:/ST/STM32CubeIDE_1.18.1/STM32CubeIDE/plugins/com.st.stm32cube.ide.mcu.externaltools.gnu-tools-for-stm32.13.3.rel1.win32_1.0.0.202411081344/tools/bin/../lib/gcc/arm-none-eabi/13.3.1/../../../../arm-none-eabi/lib/thumb/v7e-m+fp/hard\libg_nano.a
LOAD C:/ST/STM32CubeIDE_1.18.1/STM32CubeIDE/plugins/com.st.stm32cube.ide.mcu.externaltools.gnu-tools-for-stm32.13.3.rel1.win32_1.0.0.202411081344/tools/bin/../lib/gcc/arm-none-eabi/13.3.1/../../../../arm-none-eabi/lib/thumb/v7e-m+fp/hard\libc_nano.a
END GROUP
START GROUP
LOAD C:/ST/STM32CubeIDE_1.18.1/STM32CubeIDE/plugins/com.st.stm32cube.ide.mcu.externaltools.gnu-tools-for-stm32.13.3.rel1.win32_1.0.0.202411081344/tools/bin/../lib/gcc/arm-none-eabi/13.3.1/thumb/v7e-m+fp/hard\libgcc.a
LOAD C:/ST/STM32CubeIDE_1.18.1/STM32CubeIDE/plugins/com.st.stm32cube.ide.mcu.externaltools.gnu-tools-for-stm32.13.3.rel1.win32_1.0.0.202411081344/tools/bin/../lib/gcc/arm-none-eabi/13.3.1/../../../../arm-none-eabi/lib/thumb/v7e-m+fp/hard\libc_nano.a
END GROUP
LOAD C:/ST/STM32CubeIDE_1.18.1/STM32CubeIDE/plugins/com.st.stm32cube.ide.mcu.externaltools.gnu-tools-for-stm32.13.3.rel1.win32_1.0.0.202411081344/tools/bin/../lib/gcc/arm-none-eabi/13.3.1/thumb/v7e-m+fp/hard/crtend.o
LOAD C:/ST/STM32CubeIDE_1.18.1/STM32CubeIDE/plugins/com.st.stm32cube.ide.mcu.externaltools.gnu-tools-for-stm32.13.3.rel1.win32_1.0.0.202411081344/tools/bin/../lib/gcc/arm-none-eabi/13.3.1/thumb/v7e-m+fp/hard/crtn.o
                0x20020000                        _estack = (ORIGIN (RAM) + LENGTH (RAM))
                0x00000200                        _Min_Heap_Size = 0x200
                0x00000400                        _Min_Stack_Size = 0x400

.isr_vector     0x08000000      0x188
                0x08000000                        . = ALIGN (0x4)
 *(.isr_vector)
 .isr_vector    0x08000000      0x188 CMakeFiles/Aks-SmartCar.dir/startup_stm32f407xx.s.obj
                0x08000000                g_pfnVectors
                0x08000188                        . = ALIGN (0x4)

.text           0x08000188     0x4f60
                0x08000188                        . = ALIGN (0x4)
 *(.text)
 .text          0x08000188       0x40 C:/ST/STM32CubeIDE_1.18.1/STM32CubeIDE/plugins/com.st.stm32cube.ide.mcu.externaltools.gnu-tools-for-stm32.13.3.rel1.win32_1.0.0.202411081344/tools/bin/../lib/gcc/arm-none-eabi/13.3.1/thumb/v7e-m+fp/hard/crtbegin.o
 .text          0x080001c8       0x30 C:/ST/STM32CubeIDE_1.18.1/STM32CubeIDE/plugins/com.st.stm32cube.ide.mcu.externaltools.gnu-tools-for-stm32.13.3.rel1.win32_1.0.0.202411081344/tools/bin/../lib/gcc/arm-none-eabi/13.3.1/thumb/v7e-m+fp/hard\libgcc.a(_aeabi_uldivmod.o)
                0x080001c8                __aeabi_uldivmod
 .text          0x080001f8      0x2f8 C:/ST/STM32CubeIDE_1.18.1/STM32CubeIDE/plugins/com.st.stm32cube.ide.mcu.externaltools.gnu-tools-for-stm32.13.3.rel1.win32_1.0.0.202411081344/tools/bin/../lib/gcc/arm-none-eabi/13.3.1/thumb/v7e-m+fp/hard\libgcc.a(_udivmoddi4.o)
                0x080001f8                __udivmoddi4
 .text          0x080004f0        0x4 C:/ST/STM32CubeIDE_1.18.1/STM32CubeIDE/plugins/com.st.stm32cube.ide.mcu.externaltools.gnu-tools-for-stm32.13.3.rel1.win32_1.0.0.202411081344/tools/bin/../lib/gcc/arm-none-eabi/13.3.1/thumb/v7e-m+fp/hard\libgcc.a(_dvmd_tls.o)
                0x080004f0                __aeabi_idiv0
                0x080004f0                __aeabi_ldiv0
 *(.text*)
 .text.memset   0x080004f4       0x10 C:/ST/STM32CubeIDE_1.18.1/STM32CubeIDE/plugins/com.st.stm32cube.ide.mcu.externaltools.gnu-tools-for-stm32.13.3.rel1.win32_1.0.0.202411081344/tools/bin/../lib/gcc/arm-none-eabi/13.3.1/../../../../arm-none-eabi/lib/thumb/v7e-m+fp/hard\libc_nano.a(libc_a-memset.o)
                0x080004f4                memset
 .text.__libc_init_array
                0x08000504       0x48 C:/ST/STM32CubeIDE_1.18.1/STM32CubeIDE/plugins/com.st.stm32cube.ide.mcu.externaltools.gnu-tools-for-stm32.13.3.rel1.win32_1.0.0.202411081344/tools/bin/../lib/gcc/arm-none-eabi/13.3.1/../../../../arm-none-eabi/lib/thumb/v7e-m+fp/hard\libc_nano.a(libc_a-init.o)
                0x08000504                __libc_init_array
 .text.Servo1_Init
                0x0800054c       0x1c CMakeFiles/Aks-SmartCar.dir/Core/Src/servo.c.obj
                0x0800054c                Servo1_Init
 .text.Servo2_Init
                0x08000568       0x1c CMakeFiles/Aks-SmartCar.dir/Core/Src/servo.c.obj
                0x08000568                Servo2_Init
 .text.Servo1_SetAngle
                0x08000584       0x44 CMakeFiles/Aks-SmartCar.dir/Core/Src/servo.c.obj
                0x08000584                Servo1_SetAngle
 .text.Servo2_SetAngle
                0x080005c8       0x44 CMakeFiles/Aks-SmartCar.dir/Core/Src/servo.c.obj
                0x080005c8                Servo2_SetAngle
 .text.Servo_test
                0x0800060c       0x64 CMakeFiles/Aks-SmartCar.dir/Core/Src/servo.c.obj
                0x0800060c                Servo_test
 .text.main     0x08000670       0x58 CMakeFiles/Aks-SmartCar.dir/Core/Src/main.c.obj
                0x08000670                main
 .text.SystemClock_Config
                0x080006c8       0xd0 CMakeFiles/Aks-SmartCar.dir/Core/Src/main.c.obj
                0x080006c8                SystemClock_Config
 .text.Error_Handler
                0x08000798        0xc CMakeFiles/Aks-SmartCar.dir/Core/Src/main.c.obj
                0x08000798                Error_Handler
 .text.MX_GPIO_Init
                0x080007a4      0x164 CMakeFiles/Aks-SmartCar.dir/Core/Src/gpio.c.obj
                0x080007a4                MX_GPIO_Init
 .text.MX_DMA_Init
                0x08000908       0x8c CMakeFiles/Aks-SmartCar.dir/Core/Src/dma.c.obj
                0x08000908                MX_DMA_Init
 .text.MX_TIM1_Init
                0x08000994      0x188 CMakeFiles/Aks-SmartCar.dir/Core/Src/tim.c.obj
                0x08000994                MX_TIM1_Init
 .text.MX_TIM2_Init
                0x08000b1c      0x10c CMakeFiles/Aks-SmartCar.dir/Core/Src/tim.c.obj
                0x08000b1c                MX_TIM2_Init
 .text.MX_TIM3_Init
                0x08000c28       0xa8 CMakeFiles/Aks-SmartCar.dir/Core/Src/tim.c.obj
                0x08000c28                MX_TIM3_Init
 .text.MX_TIM4_Init
                0x08000cd0       0xa8 CMakeFiles/Aks-SmartCar.dir/Core/Src/tim.c.obj
                0x08000cd0                MX_TIM4_Init
 .text.MX_TIM5_Init
                0x08000d78       0xa8 CMakeFiles/Aks-SmartCar.dir/Core/Src/tim.c.obj
                0x08000d78                MX_TIM5_Init
 .text.MX_TIM7_Init
                0x08000e20       0x6c CMakeFiles/Aks-SmartCar.dir/Core/Src/tim.c.obj
                0x08000e20                MX_TIM7_Init
 .text.MX_TIM8_Init
                0x08000e8c       0xb0 CMakeFiles/Aks-SmartCar.dir/Core/Src/tim.c.obj
                0x08000e8c                MX_TIM8_Init
 .text.MX_TIM12_Init
                0x08000f3c       0xa0 CMakeFiles/Aks-SmartCar.dir/Core/Src/tim.c.obj
                0x08000f3c                MX_TIM12_Init
 .text.HAL_TIM_Base_MspInit
                0x08000fdc      0x124 CMakeFiles/Aks-SmartCar.dir/Core/Src/tim.c.obj
                0x08000fdc                HAL_TIM_Base_MspInit
 .text.HAL_TIM_Encoder_MspInit
                0x08001100      0x1d0 CMakeFiles/Aks-SmartCar.dir/Core/Src/tim.c.obj
                0x08001100                HAL_TIM_Encoder_MspInit
 .text.HAL_TIM_PWM_MspInit
                0x080012d0       0x44 CMakeFiles/Aks-SmartCar.dir/Core/Src/tim.c.obj
                0x080012d0                HAL_TIM_PWM_MspInit
 .text.HAL_TIM_MspPostInit
                0x08001314       0xc8 CMakeFiles/Aks-SmartCar.dir/Core/Src/tim.c.obj
                0x08001314                HAL_TIM_MspPostInit
 .text.MX_USART1_UART_Init
                0x080013dc       0x54 CMakeFiles/Aks-SmartCar.dir/Core/Src/usart.c.obj
                0x080013dc                MX_USART1_UART_Init
 .text.MX_USART2_UART_Init
                0x08001430       0x54 CMakeFiles/Aks-SmartCar.dir/Core/Src/usart.c.obj
                0x08001430                MX_USART2_UART_Init
 .text.HAL_UART_MspInit
                0x08001484      0x2b0 CMakeFiles/Aks-SmartCar.dir/Core/Src/usart.c.obj
                0x08001484                HAL_UART_MspInit
 .text.NMI_Handler
                0x08001734        0x8 CMakeFiles/Aks-SmartCar.dir/Core/Src/stm32f4xx_it.c.obj
                0x08001734                NMI_Handler
 .text.HardFault_Handler
                0x0800173c        0x8 CMakeFiles/Aks-SmartCar.dir/Core/Src/stm32f4xx_it.c.obj
                0x0800173c                HardFault_Handler
 .text.MemManage_Handler
                0x08001744        0x8 CMakeFiles/Aks-SmartCar.dir/Core/Src/stm32f4xx_it.c.obj
                0x08001744                MemManage_Handler
 .text.BusFault_Handler
                0x0800174c        0x8 CMakeFiles/Aks-SmartCar.dir/Core/Src/stm32f4xx_it.c.obj
                0x0800174c                BusFault_Handler
 .text.UsageFault_Handler
                0x08001754        0x8 CMakeFiles/Aks-SmartCar.dir/Core/Src/stm32f4xx_it.c.obj
                0x08001754                UsageFault_Handler
 .text.SVC_Handler
                0x0800175c        0xe CMakeFiles/Aks-SmartCar.dir/Core/Src/stm32f4xx_it.c.obj
                0x0800175c                SVC_Handler
 .text.DebugMon_Handler
                0x0800176a        0xe CMakeFiles/Aks-SmartCar.dir/Core/Src/stm32f4xx_it.c.obj
                0x0800176a                DebugMon_Handler
 .text.PendSV_Handler
                0x08001778        0xe CMakeFiles/Aks-SmartCar.dir/Core/Src/stm32f4xx_it.c.obj
                0x08001778                PendSV_Handler
 .text.SysTick_Handler
                0x08001786        0xc CMakeFiles/Aks-SmartCar.dir/Core/Src/stm32f4xx_it.c.obj
                0x08001786                SysTick_Handler
 *fill*         0x08001792        0x2 
 .text.DMA1_Stream5_IRQHandler
                0x08001794       0x14 CMakeFiles/Aks-SmartCar.dir/Core/Src/stm32f4xx_it.c.obj
                0x08001794                DMA1_Stream5_IRQHandler
 .text.DMA1_Stream6_IRQHandler
                0x080017a8       0x14 CMakeFiles/Aks-SmartCar.dir/Core/Src/stm32f4xx_it.c.obj
                0x080017a8                DMA1_Stream6_IRQHandler
 .text.USART1_IRQHandler
                0x080017bc       0x14 CMakeFiles/Aks-SmartCar.dir/Core/Src/stm32f4xx_it.c.obj
                0x080017bc                USART1_IRQHandler
 .text.USART2_IRQHandler
                0x080017d0       0x14 CMakeFiles/Aks-SmartCar.dir/Core/Src/stm32f4xx_it.c.obj
                0x080017d0                USART2_IRQHandler
 .text.DMA2_Stream2_IRQHandler
                0x080017e4       0x14 CMakeFiles/Aks-SmartCar.dir/Core/Src/stm32f4xx_it.c.obj
                0x080017e4                DMA2_Stream2_IRQHandler
 .text.DMA2_Stream7_IRQHandler
                0x080017f8       0x14 CMakeFiles/Aks-SmartCar.dir/Core/Src/stm32f4xx_it.c.obj
                0x080017f8                DMA2_Stream7_IRQHandler
 .text.HAL_MspInit
                0x0800180c       0x50 CMakeFiles/Aks-SmartCar.dir/Core/Src/stm32f4xx_hal_msp.c.obj
                0x0800180c                HAL_MspInit
 .text.Reset_Handler
                0x0800185c       0x50 CMakeFiles/Aks-SmartCar.dir/startup_stm32f407xx.s.obj
                0x0800185c                Reset_Handler
 .text.Default_Handler
                0x080018ac        0x2 CMakeFiles/Aks-SmartCar.dir/startup_stm32f407xx.s.obj
                0x080018ac                RTC_Alarm_IRQHandler
                0x080018ac                HASH_RNG_IRQHandler
                0x080018ac                EXTI2_IRQHandler
                0x080018ac                TIM8_CC_IRQHandler
                0x080018ac                TIM1_CC_IRQHandler
                0x080018ac                DMA2_Stream5_IRQHandler
                0x080018ac                PVD_IRQHandler
                0x080018ac                SDIO_IRQHandler
                0x080018ac                TAMP_STAMP_IRQHandler
                0x080018ac                CAN2_RX1_IRQHandler
                0x080018ac                EXTI3_IRQHandler
                0x080018ac                TIM8_TRG_COM_TIM14_IRQHandler
                0x080018ac                TIM1_UP_TIM10_IRQHandler
                0x080018ac                TIM8_UP_TIM13_IRQHandler
                0x080018ac                I2C3_ER_IRQHandler
                0x080018ac                EXTI0_IRQHandler
                0x080018ac                I2C2_EV_IRQHandler
                0x080018ac                DMA1_Stream2_IRQHandler
                0x080018ac                CAN1_RX0_IRQHandler
                0x080018ac                FPU_IRQHandler
                0x080018ac                OTG_HS_WKUP_IRQHandler
                0x080018ac                CAN2_SCE_IRQHandler
                0x080018ac                SPI1_IRQHandler
                0x080018ac                TIM6_DAC_IRQHandler
                0x080018ac                TIM1_BRK_TIM9_IRQHandler
                0x080018ac                DCMI_IRQHandler
                0x080018ac                CAN2_RX0_IRQHandler
                0x080018ac                DMA2_Stream3_IRQHandler
                0x080018ac                USART6_IRQHandler
                0x080018ac                USART3_IRQHandler
                0x080018ac                CAN1_RX1_IRQHandler
                0x080018ac                UART5_IRQHandler
                0x080018ac                DMA2_Stream0_IRQHandler
                0x080018ac                TIM4_IRQHandler
                0x080018ac                I2C1_EV_IRQHandler
                0x080018ac                DMA1_Stream1_IRQHandler
                0x080018ac                UART4_IRQHandler
                0x080018ac                TIM3_IRQHandler
                0x080018ac                RCC_IRQHandler
                0x080018ac                TIM8_BRK_TIM12_IRQHandler
                0x080018ac                Default_Handler
                0x080018ac                EXTI15_10_IRQHandler
                0x080018ac                ADC_IRQHandler
                0x080018ac                DMA1_Stream7_IRQHandler
                0x080018ac                TIM7_IRQHandler
                0x080018ac                CAN2_TX_IRQHandler
                0x080018ac                TIM5_IRQHandler
                0x080018ac                I2C3_EV_IRQHandler
                0x080018ac                EXTI9_5_IRQHandler
                0x080018ac                RTC_WKUP_IRQHandler
                0x080018ac                ETH_WKUP_IRQHandler
                0x080018ac                SPI2_IRQHandler
                0x080018ac                OTG_HS_EP1_IN_IRQHandler
                0x080018ac                DMA1_Stream0_IRQHandler
                0x080018ac                CAN1_TX_IRQHandler
                0x080018ac                EXTI4_IRQHandler
                0x080018ac                FSMC_IRQHandler
                0x080018ac                ETH_IRQHandler
                0x080018ac                OTG_HS_EP1_OUT_IRQHandler
                0x080018ac                WWDG_IRQHandler
                0x080018ac                TIM2_IRQHandler
                0x080018ac                OTG_FS_WKUP_IRQHandler
                0x080018ac                TIM1_TRG_COM_TIM11_IRQHandler
                0x080018ac                OTG_HS_IRQHandler
                0x080018ac                EXTI1_IRQHandler
                0x080018ac                I2C2_ER_IRQHandler
                0x080018ac                DMA2_Stream1_IRQHandler
                0x080018ac                CAN1_SCE_IRQHandler
                0x080018ac                FLASH_IRQHandler
                0x080018ac                DMA2_Stream4_IRQHandler
                0x080018ac                OTG_FS_IRQHandler
                0x080018ac                SPI3_IRQHandler
                0x080018ac                DMA1_Stream4_IRQHandler
                0x080018ac                I2C1_ER_IRQHandler
                0x080018ac                DMA2_Stream6_IRQHandler
                0x080018ac                DMA1_Stream3_IRQHandler
 *fill*         0x080018ae        0x2 
 .text.SystemInit
                0x080018b0       0x24 D:/Users/sky/Desktop/MCDP/code/AKS_CAR/config_default/cmake/stm32cubemx/CMakeFiles/STM32_Drivers.dir/__/__/Core/Src/system_stm32f4xx.c.obj
                0x080018b0                SystemInit
 .text.HAL_TIM_Base_Init
                0x080018d4       0x9e D:/Users/sky/Desktop/MCDP/code/AKS_CAR/config_default/cmake/stm32cubemx/CMakeFiles/STM32_Drivers.dir/__/__/Drivers/STM32F4xx_HAL_Driver/Src/stm32f4xx_hal_tim.c.obj
                0x080018d4                HAL_TIM_Base_Init
 .text.HAL_TIM_PWM_Init
                0x08001972       0x9e D:/Users/sky/Desktop/MCDP/code/AKS_CAR/config_default/cmake/stm32cubemx/CMakeFiles/STM32_Drivers.dir/__/__/Drivers/STM32F4xx_HAL_Driver/Src/stm32f4xx_hal_tim.c.obj
                0x08001972                HAL_TIM_PWM_Init
 .text.HAL_TIM_PWM_Start
                0x08001a10      0x190 D:/Users/sky/Desktop/MCDP/code/AKS_CAR/config_default/cmake/stm32cubemx/CMakeFiles/STM32_Drivers.dir/__/__/Drivers/STM32F4xx_HAL_Driver/Src/stm32f4xx_hal_tim.c.obj
                0x08001a10                HAL_TIM_PWM_Start
 .text.HAL_TIM_IC_Init
                0x08001ba0       0x9e D:/Users/sky/Desktop/MCDP/code/AKS_CAR/config_default/cmake/stm32cubemx/CMakeFiles/STM32_Drivers.dir/__/__/Drivers/STM32F4xx_HAL_Driver/Src/stm32f4xx_hal_tim.c.obj
                0x08001ba0                HAL_TIM_IC_Init
 .text.HAL_TIM_IC_MspInit
                0x08001c3e       0x14 D:/Users/sky/Desktop/MCDP/code/AKS_CAR/config_default/cmake/stm32cubemx/CMakeFiles/STM32_Drivers.dir/__/__/Drivers/STM32F4xx_HAL_Driver/Src/stm32f4xx_hal_tim.c.obj
                0x08001c3e                HAL_TIM_IC_MspInit
 .text.HAL_TIM_Encoder_Init
                0x08001c52      0x14c D:/Users/sky/Desktop/MCDP/code/AKS_CAR/config_default/cmake/stm32cubemx/CMakeFiles/STM32_Drivers.dir/__/__/Drivers/STM32F4xx_HAL_Driver/Src/stm32f4xx_hal_tim.c.obj
                0x08001c52                HAL_TIM_Encoder_Init
 .text.HAL_TIM_IC_ConfigChannel
                0x08001d9e      0x138 D:/Users/sky/Desktop/MCDP/code/AKS_CAR/config_default/cmake/stm32cubemx/CMakeFiles/STM32_Drivers.dir/__/__/Drivers/STM32F4xx_HAL_Driver/Src/stm32f4xx_hal_tim.c.obj
                0x08001d9e                HAL_TIM_IC_ConfigChannel
 *fill*         0x08001ed6        0x2 
 .text.HAL_TIM_PWM_ConfigChannel
                0x08001ed8      0x184 D:/Users/sky/Desktop/MCDP/code/AKS_CAR/config_default/cmake/stm32cubemx/CMakeFiles/STM32_Drivers.dir/__/__/Drivers/STM32F4xx_HAL_Driver/Src/stm32f4xx_hal_tim.c.obj
                0x08001ed8                HAL_TIM_PWM_ConfigChannel
 .text.HAL_TIM_ConfigClockSource
                0x0800205c      0x18e D:/Users/sky/Desktop/MCDP/code/AKS_CAR/config_default/cmake/stm32cubemx/CMakeFiles/STM32_Drivers.dir/__/__/Drivers/STM32F4xx_HAL_Driver/Src/stm32f4xx_hal_tim.c.obj
                0x0800205c                HAL_TIM_ConfigClockSource
 *fill*         0x080021ea        0x2 
 .text.TIM_Base_SetConfig
                0x080021ec      0x14c D:/Users/sky/Desktop/MCDP/code/AKS_CAR/config_default/cmake/stm32cubemx/CMakeFiles/STM32_Drivers.dir/__/__/Drivers/STM32F4xx_HAL_Driver/Src/stm32f4xx_hal_tim.c.obj
                0x080021ec                TIM_Base_SetConfig
 .text.TIM_OC1_SetConfig
                0x08002338       0xe0 D:/Users/sky/Desktop/MCDP/code/AKS_CAR/config_default/cmake/stm32cubemx/CMakeFiles/STM32_Drivers.dir/__/__/Drivers/STM32F4xx_HAL_Driver/Src/stm32f4xx_hal_tim.c.obj
 .text.TIM_OC2_SetConfig
                0x08002418       0xec D:/Users/sky/Desktop/MCDP/code/AKS_CAR/config_default/cmake/stm32cubemx/CMakeFiles/STM32_Drivers.dir/__/__/Drivers/STM32F4xx_HAL_Driver/Src/stm32f4xx_hal_tim.c.obj
                0x08002418                TIM_OC2_SetConfig
 .text.TIM_OC3_SetConfig
                0x08002504       0xe8 D:/Users/sky/Desktop/MCDP/code/AKS_CAR/config_default/cmake/stm32cubemx/CMakeFiles/STM32_Drivers.dir/__/__/Drivers/STM32F4xx_HAL_Driver/Src/stm32f4xx_hal_tim.c.obj
 .text.TIM_OC4_SetConfig
                0x080025ec       0xac D:/Users/sky/Desktop/MCDP/code/AKS_CAR/config_default/cmake/stm32cubemx/CMakeFiles/STM32_Drivers.dir/__/__/Drivers/STM32F4xx_HAL_Driver/Src/stm32f4xx_hal_tim.c.obj
 .text.TIM_TI1_SetConfig
                0x08002698       0xe8 D:/Users/sky/Desktop/MCDP/code/AKS_CAR/config_default/cmake/stm32cubemx/CMakeFiles/STM32_Drivers.dir/__/__/Drivers/STM32F4xx_HAL_Driver/Src/stm32f4xx_hal_tim.c.obj
                0x08002698                TIM_TI1_SetConfig
 .text.TIM_TI1_ConfigInputStage
                0x08002780       0x5e D:/Users/sky/Desktop/MCDP/code/AKS_CAR/config_default/cmake/stm32cubemx/CMakeFiles/STM32_Drivers.dir/__/__/Drivers/STM32F4xx_HAL_Driver/Src/stm32f4xx_hal_tim.c.obj
 .text.TIM_TI2_SetConfig
                0x080027de       0x7a D:/Users/sky/Desktop/MCDP/code/AKS_CAR/config_default/cmake/stm32cubemx/CMakeFiles/STM32_Drivers.dir/__/__/Drivers/STM32F4xx_HAL_Driver/Src/stm32f4xx_hal_tim.c.obj
 .text.TIM_TI2_ConfigInputStage
                0x08002858       0x60 D:/Users/sky/Desktop/MCDP/code/AKS_CAR/config_default/cmake/stm32cubemx/CMakeFiles/STM32_Drivers.dir/__/__/Drivers/STM32F4xx_HAL_Driver/Src/stm32f4xx_hal_tim.c.obj
 .text.TIM_TI3_SetConfig
                0x080028b8       0x78 D:/Users/sky/Desktop/MCDP/code/AKS_CAR/config_default/cmake/stm32cubemx/CMakeFiles/STM32_Drivers.dir/__/__/Drivers/STM32F4xx_HAL_Driver/Src/stm32f4xx_hal_tim.c.obj
 .text.TIM_TI4_SetConfig
                0x08002930       0x7a D:/Users/sky/Desktop/MCDP/code/AKS_CAR/config_default/cmake/stm32cubemx/CMakeFiles/STM32_Drivers.dir/__/__/Drivers/STM32F4xx_HAL_Driver/Src/stm32f4xx_hal_tim.c.obj
 .text.TIM_ITRx_SetConfig
                0x080029aa       0x36 D:/Users/sky/Desktop/MCDP/code/AKS_CAR/config_default/cmake/stm32cubemx/CMakeFiles/STM32_Drivers.dir/__/__/Drivers/STM32F4xx_HAL_Driver/Src/stm32f4xx_hal_tim.c.obj
 .text.TIM_ETR_SetConfig
                0x080029e0       0x40 D:/Users/sky/Desktop/MCDP/code/AKS_CAR/config_default/cmake/stm32cubemx/CMakeFiles/STM32_Drivers.dir/__/__/Drivers/STM32F4xx_HAL_Driver/Src/stm32f4xx_hal_tim.c.obj
                0x080029e0                TIM_ETR_SetConfig
 .text.TIM_CCxChannelCmd
                0x08002a20       0x4a D:/Users/sky/Desktop/MCDP/code/AKS_CAR/config_default/cmake/stm32cubemx/CMakeFiles/STM32_Drivers.dir/__/__/Drivers/STM32F4xx_HAL_Driver/Src/stm32f4xx_hal_tim.c.obj
                0x08002a20                TIM_CCxChannelCmd
 *fill*         0x08002a6a        0x2 
 .text.HAL_TIMEx_MasterConfigSynchronization
                0x08002a6c       0xf8 D:/Users/sky/Desktop/MCDP/code/AKS_CAR/config_default/cmake/stm32cubemx/CMakeFiles/STM32_Drivers.dir/__/__/Drivers/STM32F4xx_HAL_Driver/Src/stm32f4xx_hal_tim_ex.c.obj
                0x08002a6c                HAL_TIMEx_MasterConfigSynchronization
 .text.HAL_TIMEx_ConfigBreakDeadTime
                0x08002b64       0xa4 D:/Users/sky/Desktop/MCDP/code/AKS_CAR/config_default/cmake/stm32cubemx/CMakeFiles/STM32_Drivers.dir/__/__/Drivers/STM32F4xx_HAL_Driver/Src/stm32f4xx_hal_tim_ex.c.obj
                0x08002b64                HAL_TIMEx_ConfigBreakDeadTime
 .text.HAL_RCC_OscConfig
                0x08002c08      0x4f0 D:/Users/sky/Desktop/MCDP/code/AKS_CAR/config_default/cmake/stm32cubemx/CMakeFiles/STM32_Drivers.dir/__/__/Drivers/STM32F4xx_HAL_Driver/Src/stm32f4xx_hal_rcc.c.obj
                0x08002c08                HAL_RCC_OscConfig
 .text.HAL_RCC_ClockConfig
                0x080030f8      0x1cc D:/Users/sky/Desktop/MCDP/code/AKS_CAR/config_default/cmake/stm32cubemx/CMakeFiles/STM32_Drivers.dir/__/__/Drivers/STM32F4xx_HAL_Driver/Src/stm32f4xx_hal_rcc.c.obj
                0x080030f8                HAL_RCC_ClockConfig
 .text.HAL_RCC_GetSysClockFreq
                0x080032c4      0x18c D:/Users/sky/Desktop/MCDP/code/AKS_CAR/config_default/cmake/stm32cubemx/CMakeFiles/STM32_Drivers.dir/__/__/Drivers/STM32F4xx_HAL_Driver/Src/stm32f4xx_hal_rcc.c.obj
                0x080032c4                HAL_RCC_GetSysClockFreq
 .text.HAL_RCC_GetHCLKFreq
                0x08003450       0x18 D:/Users/sky/Desktop/MCDP/code/AKS_CAR/config_default/cmake/stm32cubemx/CMakeFiles/STM32_Drivers.dir/__/__/Drivers/STM32F4xx_HAL_Driver/Src/stm32f4xx_hal_rcc.c.obj
                0x08003450                HAL_RCC_GetHCLKFreq
 .text.HAL_RCC_GetPCLK1Freq
                0x08003468       0x28 D:/Users/sky/Desktop/MCDP/code/AKS_CAR/config_default/cmake/stm32cubemx/CMakeFiles/STM32_Drivers.dir/__/__/Drivers/STM32F4xx_HAL_Driver/Src/stm32f4xx_hal_rcc.c.obj
                0x08003468                HAL_RCC_GetPCLK1Freq
 .text.HAL_RCC_GetPCLK2Freq
                0x08003490       0x28 D:/Users/sky/Desktop/MCDP/code/AKS_CAR/config_default/cmake/stm32cubemx/CMakeFiles/STM32_Drivers.dir/__/__/Drivers/STM32F4xx_HAL_Driver/Src/stm32f4xx_hal_rcc.c.obj
                0x08003490                HAL_RCC_GetPCLK2Freq
 .text.HAL_GPIO_Init
                0x080034b8      0x338 D:/Users/sky/Desktop/MCDP/code/AKS_CAR/config_default/cmake/stm32cubemx/CMakeFiles/STM32_Drivers.dir/__/__/Drivers/STM32F4xx_HAL_Driver/Src/stm32f4xx_hal_gpio.c.obj
                0x080034b8                HAL_GPIO_Init
 .text.HAL_GPIO_WritePin
                0x080037f0       0x32 D:/Users/sky/Desktop/MCDP/code/AKS_CAR/config_default/cmake/stm32cubemx/CMakeFiles/STM32_Drivers.dir/__/__/Drivers/STM32F4xx_HAL_Driver/Src/stm32f4xx_hal_gpio.c.obj
                0x080037f0                HAL_GPIO_WritePin
 *fill*         0x08003822        0x2 
 .text.HAL_DMA_Init
                0x08003824      0x15c D:/Users/sky/Desktop/MCDP/code/AKS_CAR/config_default/cmake/stm32cubemx/CMakeFiles/STM32_Drivers.dir/__/__/Drivers/STM32F4xx_HAL_Driver/Src/stm32f4xx_hal_dma.c.obj
                0x08003824                HAL_DMA_Init
 .text.HAL_DMA_Abort
                0x08003980       0xe0 D:/Users/sky/Desktop/MCDP/code/AKS_CAR/config_default/cmake/stm32cubemx/CMakeFiles/STM32_Drivers.dir/__/__/Drivers/STM32F4xx_HAL_Driver/Src/stm32f4xx_hal_dma.c.obj
                0x08003980                HAL_DMA_Abort
 .text.HAL_DMA_Abort_IT
                0x08003a60       0x44 D:/Users/sky/Desktop/MCDP/code/AKS_CAR/config_default/cmake/stm32cubemx/CMakeFiles/STM32_Drivers.dir/__/__/Drivers/STM32F4xx_HAL_Driver/Src/stm32f4xx_hal_dma.c.obj
                0x08003a60                HAL_DMA_Abort_IT
 .text.HAL_DMA_IRQHandler
                0x08003aa4      0x314 D:/Users/sky/Desktop/MCDP/code/AKS_CAR/config_default/cmake/stm32cubemx/CMakeFiles/STM32_Drivers.dir/__/__/Drivers/STM32F4xx_HAL_Driver/Src/stm32f4xx_hal_dma.c.obj
                0x08003aa4                HAL_DMA_IRQHandler
 .text.DMA_CalcBaseAndBitshift
                0x08003db8       0x6c D:/Users/sky/Desktop/MCDP/code/AKS_CAR/config_default/cmake/stm32cubemx/CMakeFiles/STM32_Drivers.dir/__/__/Drivers/STM32F4xx_HAL_Driver/Src/stm32f4xx_hal_dma.c.obj
 .text.DMA_CheckFifoParam
                0x08003e24       0xf8 D:/Users/sky/Desktop/MCDP/code/AKS_CAR/config_default/cmake/stm32cubemx/CMakeFiles/STM32_Drivers.dir/__/__/Drivers/STM32F4xx_HAL_Driver/Src/stm32f4xx_hal_dma.c.obj
 .text.__NVIC_SetPriorityGrouping
                0x08003f1c       0x48 D:/Users/sky/Desktop/MCDP/code/AKS_CAR/config_default/cmake/stm32cubemx/CMakeFiles/STM32_Drivers.dir/__/__/Drivers/STM32F4xx_HAL_Driver/Src/stm32f4xx_hal_cortex.c.obj
 .text.__NVIC_GetPriorityGrouping
                0x08003f64       0x1c D:/Users/sky/Desktop/MCDP/code/AKS_CAR/config_default/cmake/stm32cubemx/CMakeFiles/STM32_Drivers.dir/__/__/Drivers/STM32F4xx_HAL_Driver/Src/stm32f4xx_hal_cortex.c.obj
 .text.__NVIC_EnableIRQ
                0x08003f80       0x3c D:/Users/sky/Desktop/MCDP/code/AKS_CAR/config_default/cmake/stm32cubemx/CMakeFiles/STM32_Drivers.dir/__/__/Drivers/STM32F4xx_HAL_Driver/Src/stm32f4xx_hal_cortex.c.obj
 .text.__NVIC_SetPriority
                0x08003fbc       0x54 D:/Users/sky/Desktop/MCDP/code/AKS_CAR/config_default/cmake/stm32cubemx/CMakeFiles/STM32_Drivers.dir/__/__/Drivers/STM32F4xx_HAL_Driver/Src/stm32f4xx_hal_cortex.c.obj
 .text.NVIC_EncodePriority
                0x08004010       0x66 D:/Users/sky/Desktop/MCDP/code/AKS_CAR/config_default/cmake/stm32cubemx/CMakeFiles/STM32_Drivers.dir/__/__/Drivers/STM32F4xx_HAL_Driver/Src/stm32f4xx_hal_cortex.c.obj
 *fill*         0x08004076        0x2 
 .text.SysTick_Config
                0x08004078       0x44 D:/Users/sky/Desktop/MCDP/code/AKS_CAR/config_default/cmake/stm32cubemx/CMakeFiles/STM32_Drivers.dir/__/__/Drivers/STM32F4xx_HAL_Driver/Src/stm32f4xx_hal_cortex.c.obj
 .text.HAL_NVIC_SetPriorityGrouping
                0x080040bc       0x16 D:/Users/sky/Desktop/MCDP/code/AKS_CAR/config_default/cmake/stm32cubemx/CMakeFiles/STM32_Drivers.dir/__/__/Drivers/STM32F4xx_HAL_Driver/Src/stm32f4xx_hal_cortex.c.obj
                0x080040bc                HAL_NVIC_SetPriorityGrouping
 .text.HAL_NVIC_SetPriority
                0x080040d2       0x38 D:/Users/sky/Desktop/MCDP/code/AKS_CAR/config_default/cmake/stm32cubemx/CMakeFiles/STM32_Drivers.dir/__/__/Drivers/STM32F4xx_HAL_Driver/Src/stm32f4xx_hal_cortex.c.obj
                0x080040d2                HAL_NVIC_SetPriority
 .text.HAL_NVIC_EnableIRQ
                0x0800410a       0x1c D:/Users/sky/Desktop/MCDP/code/AKS_CAR/config_default/cmake/stm32cubemx/CMakeFiles/STM32_Drivers.dir/__/__/Drivers/STM32F4xx_HAL_Driver/Src/stm32f4xx_hal_cortex.c.obj
                0x0800410a                HAL_NVIC_EnableIRQ
 .text.HAL_SYSTICK_Config
                0x08004126       0x18 D:/Users/sky/Desktop/MCDP/code/AKS_CAR/config_default/cmake/stm32cubemx/CMakeFiles/STM32_Drivers.dir/__/__/Drivers/STM32F4xx_HAL_Driver/Src/stm32f4xx_hal_cortex.c.obj
                0x08004126                HAL_SYSTICK_Config
 *fill*         0x0800413e        0x2 
 .text.HAL_Init
                0x08004140       0x44 D:/Users/sky/Desktop/MCDP/code/AKS_CAR/config_default/cmake/stm32cubemx/CMakeFiles/STM32_Drivers.dir/__/__/Drivers/STM32F4xx_HAL_Driver/Src/stm32f4xx_hal.c.obj
                0x08004140                HAL_Init
 .text.HAL_InitTick
                0x08004184       0x60 D:/Users/sky/Desktop/MCDP/code/AKS_CAR/config_default/cmake/stm32cubemx/CMakeFiles/STM32_Drivers.dir/__/__/Drivers/STM32F4xx_HAL_Driver/Src/stm32f4xx_hal.c.obj
                0x08004184                HAL_InitTick
 .text.HAL_IncTick
                0x080041e4       0x28 D:/Users/sky/Desktop/MCDP/code/AKS_CAR/config_default/cmake/stm32cubemx/CMakeFiles/STM32_Drivers.dir/__/__/Drivers/STM32F4xx_HAL_Driver/Src/stm32f4xx_hal.c.obj
                0x080041e4                HAL_IncTick
 .text.HAL_GetTick
                0x0800420c       0x18 D:/Users/sky/Desktop/MCDP/code/AKS_CAR/config_default/cmake/stm32cubemx/CMakeFiles/STM32_Drivers.dir/__/__/Drivers/STM32F4xx_HAL_Driver/Src/stm32f4xx_hal.c.obj
                0x0800420c                HAL_GetTick
 .text.HAL_Delay
                0x08004224       0x48 D:/Users/sky/Desktop/MCDP/code/AKS_CAR/config_default/cmake/stm32cubemx/CMakeFiles/STM32_Drivers.dir/__/__/Drivers/STM32F4xx_HAL_Driver/Src/stm32f4xx_hal.c.obj
                0x08004224                HAL_Delay
 .text.HAL_UART_Init
                0x0800426c       0xa0 D:/Users/sky/Desktop/MCDP/code/AKS_CAR/config_default/cmake/stm32cubemx/CMakeFiles/STM32_Drivers.dir/__/__/Drivers/STM32F4xx_HAL_Driver/Src/stm32f4xx_hal_uart.c.obj
                0x0800426c                HAL_UART_Init
 .text.HAL_UART_IRQHandler
                0x0800430c      0x554 D:/Users/sky/Desktop/MCDP/code/AKS_CAR/config_default/cmake/stm32cubemx/CMakeFiles/STM32_Drivers.dir/__/__/Drivers/STM32F4xx_HAL_Driver/Src/stm32f4xx_hal_uart.c.obj
                0x0800430c                HAL_UART_IRQHandler
 .text.HAL_UART_TxCpltCallback
                0x08004860       0x14 D:/Users/sky/Desktop/MCDP/code/AKS_CAR/config_default/cmake/stm32cubemx/CMakeFiles/STM32_Drivers.dir/__/__/Drivers/STM32F4xx_HAL_Driver/Src/stm32f4xx_hal_uart.c.obj
                0x08004860                HAL_UART_TxCpltCallback
 .text.HAL_UART_RxCpltCallback
                0x08004874       0x14 D:/Users/sky/Desktop/MCDP/code/AKS_CAR/config_default/cmake/stm32cubemx/CMakeFiles/STM32_Drivers.dir/__/__/Drivers/STM32F4xx_HAL_Driver/Src/stm32f4xx_hal_uart.c.obj
                0x08004874                HAL_UART_RxCpltCallback
 .text.HAL_UART_ErrorCallback
                0x08004888       0x14 D:/Users/sky/Desktop/MCDP/code/AKS_CAR/config_default/cmake/stm32cubemx/CMakeFiles/STM32_Drivers.dir/__/__/Drivers/STM32F4xx_HAL_Driver/Src/stm32f4xx_hal_uart.c.obj
                0x08004888                HAL_UART_ErrorCallback
 .text.HAL_UARTEx_RxEventCallback
                0x0800489c       0x18 D:/Users/sky/Desktop/MCDP/code/AKS_CAR/config_default/cmake/stm32cubemx/CMakeFiles/STM32_Drivers.dir/__/__/Drivers/STM32F4xx_HAL_Driver/Src/stm32f4xx_hal_uart.c.obj
                0x0800489c                HAL_UARTEx_RxEventCallback
 .text.UART_EndRxTransfer
                0x080048b4       0xc6 D:/Users/sky/Desktop/MCDP/code/AKS_CAR/config_default/cmake/stm32cubemx/CMakeFiles/STM32_Drivers.dir/__/__/Drivers/STM32F4xx_HAL_Driver/Src/stm32f4xx_hal_uart.c.obj
 .text.UART_DMAAbortOnError
                0x0800497a       0x22 D:/Users/sky/Desktop/MCDP/code/AKS_CAR/config_default/cmake/stm32cubemx/CMakeFiles/STM32_Drivers.dir/__/__/Drivers/STM32F4xx_HAL_Driver/Src/stm32f4xx_hal_uart.c.obj
 .text.UART_Transmit_IT
                0x0800499c       0xa0 D:/Users/sky/Desktop/MCDP/code/AKS_CAR/config_default/cmake/stm32cubemx/CMakeFiles/STM32_Drivers.dir/__/__/Drivers/STM32F4xx_HAL_Driver/Src/stm32f4xx_hal_uart.c.obj
 .text.UART_EndTransmit_IT
                0x08004a3c       0x30 D:/Users/sky/Desktop/MCDP/code/AKS_CAR/config_default/cmake/stm32cubemx/CMakeFiles/STM32_Drivers.dir/__/__/Drivers/STM32F4xx_HAL_Driver/Src/stm32f4xx_hal_uart.c.obj
 .text.UART_Receive_IT
                0x08004a6c      0x17c D:/Users/sky/Desktop/MCDP/code/AKS_CAR/config_default/cmake/stm32cubemx/CMakeFiles/STM32_Drivers.dir/__/__/Drivers/STM32F4xx_HAL_Driver/Src/stm32f4xx_hal_uart.c.obj
 .text.UART_SetConfig
                0x08004be8      0x4e8 D:/Users/sky/Desktop/MCDP/code/AKS_CAR/config_default/cmake/stm32cubemx/CMakeFiles/STM32_Drivers.dir/__/__/Drivers/STM32F4xx_HAL_Driver/Src/stm32f4xx_hal_uart.c.obj
 *(.glue_7)
 .glue_7        0x080050d0        0x0 linker stubs
 *(.glue_7t)
 .glue_7t       0x080050d0        0x0 linker stubs
 *(.eh_frame)
 .eh_frame      0x080050d0        0x0 C:/ST/STM32CubeIDE_1.18.1/STM32CubeIDE/plugins/com.st.stm32cube.ide.mcu.externaltools.gnu-tools-for-stm32.13.3.rel1.win32_1.0.0.202411081344/tools/bin/../lib/gcc/arm-none-eabi/13.3.1/thumb/v7e-m+fp/hard/crtbegin.o
 *(.init)
 .init          0x080050d0        0x4 C:/ST/STM32CubeIDE_1.18.1/STM32CubeIDE/plugins/com.st.stm32cube.ide.mcu.externaltools.gnu-tools-for-stm32.13.3.rel1.win32_1.0.0.202411081344/tools/bin/../lib/gcc/arm-none-eabi/13.3.1/thumb/v7e-m+fp/hard/crti.o
                0x080050d0                _init
 .init          0x080050d4        0x8 C:/ST/STM32CubeIDE_1.18.1/STM32CubeIDE/plugins/com.st.stm32cube.ide.mcu.externaltools.gnu-tools-for-stm32.13.3.rel1.win32_1.0.0.202411081344/tools/bin/../lib/gcc/arm-none-eabi/13.3.1/thumb/v7e-m+fp/hard/crtn.o
 *(.fini)
 .fini          0x080050dc        0x4 C:/ST/STM32CubeIDE_1.18.1/STM32CubeIDE/plugins/com.st.stm32cube.ide.mcu.externaltools.gnu-tools-for-stm32.13.3.rel1.win32_1.0.0.202411081344/tools/bin/../lib/gcc/arm-none-eabi/13.3.1/thumb/v7e-m+fp/hard/crti.o
                0x080050dc                _fini
 .fini          0x080050e0        0x8 C:/ST/STM32CubeIDE_1.18.1/STM32CubeIDE/plugins/com.st.stm32cube.ide.mcu.externaltools.gnu-tools-for-stm32.13.3.rel1.win32_1.0.0.202411081344/tools/bin/../lib/gcc/arm-none-eabi/13.3.1/thumb/v7e-m+fp/hard/crtn.o
                0x080050e8                        . = ALIGN (0x4)
                0x080050e8                        _etext = .

.vfp11_veneer   0x080050e8        0x0
 .vfp11_veneer  0x080050e8        0x0 linker stubs

.v4_bx          0x080050e8        0x0
 .v4_bx         0x080050e8        0x0 linker stubs

.iplt           0x080050e8        0x0
 .iplt          0x080050e8        0x0 C:/ST/STM32CubeIDE_1.18.1/STM32CubeIDE/plugins/com.st.stm32cube.ide.mcu.externaltools.gnu-tools-for-stm32.13.3.rel1.win32_1.0.0.202411081344/tools/bin/../lib/gcc/arm-none-eabi/13.3.1/thumb/v7e-m+fp/hard/crtbegin.o

.rodata         0x080050e8       0x20
                0x080050e8                        . = ALIGN (0x4)
 *(.rodata)
 *(.rodata*)
 .rodata.AHBPrescTable
                0x080050e8       0x10 D:/Users/sky/Desktop/MCDP/code/AKS_CAR/config_default/cmake/stm32cubemx/CMakeFiles/STM32_Drivers.dir/__/__/Core/Src/system_stm32f4xx.c.obj
                0x080050e8                AHBPrescTable
 .rodata.APBPrescTable
                0x080050f8        0x8 D:/Users/sky/Desktop/MCDP/code/AKS_CAR/config_default/cmake/stm32cubemx/CMakeFiles/STM32_Drivers.dir/__/__/Core/Src/system_stm32f4xx.c.obj
                0x080050f8                APBPrescTable
 .rodata.flagBitshiftOffset.0
                0x08005100        0x8 D:/Users/sky/Desktop/MCDP/code/AKS_CAR/config_default/cmake/stm32cubemx/CMakeFiles/STM32_Drivers.dir/__/__/Drivers/STM32F4xx_HAL_Driver/Src/stm32f4xx_hal_dma.c.obj
                0x08005108                        . = ALIGN (0x4)

.ARM.extab      0x08005108        0x0
                0x08005108                        . = ALIGN (0x4)
 *(.ARM.extab* .gnu.linkonce.armextab.*)
                0x08005108                        . = ALIGN (0x4)

.ARM            0x08005108        0x8
                0x08005108                        . = ALIGN (0x4)
                0x08005108                        __exidx_start = .
 *(.ARM.exidx*)
 .ARM.exidx     0x08005108        0x8 C:/ST/STM32CubeIDE_1.18.1/STM32CubeIDE/plugins/com.st.stm32cube.ide.mcu.externaltools.gnu-tools-for-stm32.13.3.rel1.win32_1.0.0.202411081344/tools/bin/../lib/gcc/arm-none-eabi/13.3.1/thumb/v7e-m+fp/hard\libgcc.a(_udivmoddi4.o)
                0x08005110                        __exidx_end = .
                0x08005110                        . = ALIGN (0x4)

.preinit_array  0x08005110        0x0
                0x08005110                        . = ALIGN (0x4)
                0x08005110                        PROVIDE (__preinit_array_start = .)
 *(.preinit_array*)
                0x08005110                        PROVIDE (__preinit_array_end = .)
                0x08005110                        . = ALIGN (0x4)

.init_array     0x08005110        0x4
                0x08005110                        . = ALIGN (0x4)
                0x08005110                        PROVIDE (__init_array_start = .)
 *(SORT_BY_NAME(.init_array.*))
 *(.init_array*)
 .init_array    0x08005110        0x4 C:/ST/STM32CubeIDE_1.18.1/STM32CubeIDE/plugins/com.st.stm32cube.ide.mcu.externaltools.gnu-tools-for-stm32.13.3.rel1.win32_1.0.0.202411081344/tools/bin/../lib/gcc/arm-none-eabi/13.3.1/thumb/v7e-m+fp/hard/crtbegin.o
                0x08005114                        PROVIDE (__init_array_end = .)
                0x08005114                        . = ALIGN (0x4)

.fini_array     0x08005114        0x4
                0x08005114                        . = ALIGN (0x4)
                [!provide]                        PROVIDE (__fini_array_start = .)
 *(SORT_BY_NAME(.fini_array.*))
 *(.fini_array*)
 .fini_array    0x08005114        0x4 C:/ST/STM32CubeIDE_1.18.1/STM32CubeIDE/plugins/com.st.stm32cube.ide.mcu.externaltools.gnu-tools-for-stm32.13.3.rel1.win32_1.0.0.202411081344/tools/bin/../lib/gcc/arm-none-eabi/13.3.1/thumb/v7e-m+fp/hard/crtbegin.o
                [!provide]                        PROVIDE (__fini_array_end = .)
                0x08005118                        . = ALIGN (0x4)
                0x08005118                        _sidata = LOADADDR (.data)

.rel.dyn        0x08005118        0x0
 .rel.iplt      0x08005118        0x0 C:/ST/STM32CubeIDE_1.18.1/STM32CubeIDE/plugins/com.st.stm32cube.ide.mcu.externaltools.gnu-tools-for-stm32.13.3.rel1.win32_1.0.0.202411081344/tools/bin/../lib/gcc/arm-none-eabi/13.3.1/thumb/v7e-m+fp/hard/crtbegin.o

.data           0x20000000        0xc load address 0x08005118
                0x20000000                        . = ALIGN (0x4)
                0x20000000                        _sdata = .
 *(.data)
 *(.data*)
 .data.SystemCoreClock
                0x20000000        0x4 D:/Users/sky/Desktop/MCDP/code/AKS_CAR/config_default/cmake/stm32cubemx/CMakeFiles/STM32_Drivers.dir/__/__/Core/Src/system_stm32f4xx.c.obj
                0x20000000                SystemCoreClock
 .data.uwTickPrio
                0x20000004        0x4 D:/Users/sky/Desktop/MCDP/code/AKS_CAR/config_default/cmake/stm32cubemx/CMakeFiles/STM32_Drivers.dir/__/__/Drivers/STM32F4xx_HAL_Driver/Src/stm32f4xx_hal.c.obj
                0x20000004                uwTickPrio
 .data.uwTickFreq
                0x20000008        0x1 D:/Users/sky/Desktop/MCDP/code/AKS_CAR/config_default/cmake/stm32cubemx/CMakeFiles/STM32_Drivers.dir/__/__/Drivers/STM32F4xx_HAL_Driver/Src/stm32f4xx_hal.c.obj
                0x20000008                uwTickFreq
 *(.RamFunc)
 *(.RamFunc*)
                0x2000000c                        . = ALIGN (0x4)
 *fill*         0x20000009        0x3 
                0x2000000c                        _edata = .
                0x08005124                        _siccmram = LOADADDR (.ccmram)

.igot.plt       0x2000000c        0x0 load address 0x08005124
 .igot.plt      0x2000000c        0x0 C:/ST/STM32CubeIDE_1.18.1/STM32CubeIDE/plugins/com.st.stm32cube.ide.mcu.externaltools.gnu-tools-for-stm32.13.3.rel1.win32_1.0.0.202411081344/tools/bin/../lib/gcc/arm-none-eabi/13.3.1/thumb/v7e-m+fp/hard/crtbegin.o

.ccmram         0x10000000        0x0 load address 0x08005124
                0x10000000                        . = ALIGN (0x4)
                0x10000000                        _sccmram = .
 *(.ccmram)
 *(.ccmram*)
                0x10000000                        . = ALIGN (0x4)
                0x10000000                        _eccmram = .
                0x10000000                        . = ALIGN (0x4)

.bss            0x2000000c      0x470
                0x2000000c                        _sbss = .
                0x2000000c                        __bss_start__ = _sbss
 *(.bss)
 .bss           0x2000000c       0x1c C:/ST/STM32CubeIDE_1.18.1/STM32CubeIDE/plugins/com.st.stm32cube.ide.mcu.externaltools.gnu-tools-for-stm32.13.3.rel1.win32_1.0.0.202411081344/tools/bin/../lib/gcc/arm-none-eabi/13.3.1/thumb/v7e-m+fp/hard/crtbegin.o
 *(.bss*)
 .bss.htim1     0x20000028       0x48 CMakeFiles/Aks-SmartCar.dir/Core/Src/tim.c.obj
                0x20000028                htim1
 .bss.htim2     0x20000070       0x48 CMakeFiles/Aks-SmartCar.dir/Core/Src/tim.c.obj
                0x20000070                htim2
 .bss.htim3     0x200000b8       0x48 CMakeFiles/Aks-SmartCar.dir/Core/Src/tim.c.obj
                0x200000b8                htim3
 .bss.htim4     0x20000100       0x48 CMakeFiles/Aks-SmartCar.dir/Core/Src/tim.c.obj
                0x20000100                htim4
 .bss.htim5     0x20000148       0x48 CMakeFiles/Aks-SmartCar.dir/Core/Src/tim.c.obj
                0x20000148                htim5
 .bss.htim7     0x20000190       0x48 CMakeFiles/Aks-SmartCar.dir/Core/Src/tim.c.obj
                0x20000190                htim7
 .bss.htim8     0x200001d8       0x48 CMakeFiles/Aks-SmartCar.dir/Core/Src/tim.c.obj
                0x200001d8                htim8
 .bss.htim12    0x20000220       0x48 CMakeFiles/Aks-SmartCar.dir/Core/Src/tim.c.obj
                0x20000220                htim12
 .bss.huart1    0x20000268       0x48 CMakeFiles/Aks-SmartCar.dir/Core/Src/usart.c.obj
                0x20000268                huart1
 .bss.huart2    0x200002b0       0x48 CMakeFiles/Aks-SmartCar.dir/Core/Src/usart.c.obj
                0x200002b0                huart2
 .bss.hdma_usart1_rx
                0x200002f8       0x60 CMakeFiles/Aks-SmartCar.dir/Core/Src/usart.c.obj
                0x200002f8                hdma_usart1_rx
 .bss.hdma_usart1_tx
                0x20000358       0x60 CMakeFiles/Aks-SmartCar.dir/Core/Src/usart.c.obj
                0x20000358                hdma_usart1_tx
 .bss.hdma_usart2_rx
                0x200003b8       0x60 CMakeFiles/Aks-SmartCar.dir/Core/Src/usart.c.obj
                0x200003b8                hdma_usart2_rx
 .bss.hdma_usart2_tx
                0x20000418       0x60 CMakeFiles/Aks-SmartCar.dir/Core/Src/usart.c.obj
                0x20000418                hdma_usart2_tx
 .bss.uwTick    0x20000478        0x4 D:/Users/sky/Desktop/MCDP/code/AKS_CAR/config_default/cmake/stm32cubemx/CMakeFiles/STM32_Drivers.dir/__/__/Drivers/STM32F4xx_HAL_Driver/Src/stm32f4xx_hal.c.obj
                0x20000478                uwTick
 *(COMMON)
                0x2000047c                        . = ALIGN (0x4)
                0x2000047c                        _ebss = .
                0x2000047c                        __bss_end__ = _ebss

._user_heap_stack
                0x2000047c      0x604
                0x20000480                        . = ALIGN (0x8)
 *fill*         0x2000047c        0x4 
                [!provide]                        PROVIDE (end = .)
                0x20000480                        PROVIDE (_end = .)
                0x20000680                        . = (. + _Min_Heap_Size)
 *fill*         0x20000480      0x200 
                0x20000a80                        . = (. + _Min_Stack_Size)
 *fill*         0x20000680      0x400 
                0x20000a80                        . = ALIGN (0x8)

/DISCARD/
 libc.a(*)
 libm.a(*)
 libgcc.a(*)
OUTPUT(Aks-SmartCar.elf elf32-littlearm)
LOAD linker stubs
LOAD C:/ST/STM32CubeIDE_1.18.1/STM32CubeIDE/plugins/com.st.stm32cube.ide.mcu.externaltools.gnu-tools-for-stm32.13.3.rel1.win32_1.0.0.202411081344/tools/bin/../lib/gcc/arm-none-eabi/13.3.1/../../../../arm-none-eabi/lib/thumb/v7e-m+fp/hard\libc.a
LOAD C:/ST/STM32CubeIDE_1.18.1/STM32CubeIDE/plugins/com.st.stm32cube.ide.mcu.externaltools.gnu-tools-for-stm32.13.3.rel1.win32_1.0.0.202411081344/tools/bin/../lib/gcc/arm-none-eabi/13.3.1/../../../../arm-none-eabi/lib/thumb/v7e-m+fp/hard\libm.a
LOAD C:/ST/STM32CubeIDE_1.18.1/STM32CubeIDE/plugins/com.st.stm32cube.ide.mcu.externaltools.gnu-tools-for-stm32.13.3.rel1.win32_1.0.0.202411081344/tools/bin/../lib/gcc/arm-none-eabi/13.3.1/thumb/v7e-m+fp/hard\libgcc.a

.ARM.attributes
                0x00000000       0x30
 .ARM.attributes
                0x00000000       0x22 C:/ST/STM32CubeIDE_1.18.1/STM32CubeIDE/plugins/com.st.stm32cube.ide.mcu.externaltools.gnu-tools-for-stm32.13.3.rel1.win32_1.0.0.202411081344/tools/bin/../lib/gcc/arm-none-eabi/13.3.1/thumb/v7e-m+fp/hard/crti.o
 .ARM.attributes
                0x00000022       0x34 C:/ST/STM32CubeIDE_1.18.1/STM32CubeIDE/plugins/com.st.stm32cube.ide.mcu.externaltools.gnu-tools-for-stm32.13.3.rel1.win32_1.0.0.202411081344/tools/bin/../lib/gcc/arm-none-eabi/13.3.1/thumb/v7e-m+fp/hard/crtbegin.o
 .ARM.attributes
                0x00000056       0x34 C:/ST/STM32CubeIDE_1.18.1/STM32CubeIDE/plugins/com.st.stm32cube.ide.mcu.externaltools.gnu-tools-for-stm32.13.3.rel1.win32_1.0.0.202411081344/tools/bin/../lib/gcc/arm-none-eabi/13.3.1/../../../../arm-none-eabi/lib/thumb/v7e-m+fp/hard\libc_nano.a(libc_a-memset.o)
 .ARM.attributes
                0x0000008a       0x34 C:/ST/STM32CubeIDE_1.18.1/STM32CubeIDE/plugins/com.st.stm32cube.ide.mcu.externaltools.gnu-tools-for-stm32.13.3.rel1.win32_1.0.0.202411081344/tools/bin/../lib/gcc/arm-none-eabi/13.3.1/../../../../arm-none-eabi/lib/thumb/v7e-m+fp/hard\libc_nano.a(libc_a-init.o)
 .ARM.attributes
                0x000000be       0x34 CMakeFiles/Aks-SmartCar.dir/Core/Src/servo.c.obj
 .ARM.attributes
                0x000000f2       0x34 CMakeFiles/Aks-SmartCar.dir/Core/Src/main.c.obj
 .ARM.attributes
                0x00000126       0x34 CMakeFiles/Aks-SmartCar.dir/Core/Src/gpio.c.obj
 .ARM.attributes
                0x0000015a       0x34 CMakeFiles/Aks-SmartCar.dir/Core/Src/dma.c.obj
 .ARM.attributes
                0x0000018e       0x34 CMakeFiles/Aks-SmartCar.dir/Core/Src/tim.c.obj
 .ARM.attributes
                0x000001c2       0x34 CMakeFiles/Aks-SmartCar.dir/Core/Src/usart.c.obj
 .ARM.attributes
                0x000001f6       0x34 CMakeFiles/Aks-SmartCar.dir/Core/Src/stm32f4xx_it.c.obj
 .ARM.attributes
                0x0000022a       0x34 CMakeFiles/Aks-SmartCar.dir/Core/Src/stm32f4xx_hal_msp.c.obj
 .ARM.attributes
                0x0000025e       0x21 CMakeFiles/Aks-SmartCar.dir/startup_stm32f407xx.s.obj
 .ARM.attributes
                0x0000027f       0x34 D:/Users/sky/Desktop/MCDP/code/AKS_CAR/config_default/cmake/stm32cubemx/CMakeFiles/STM32_Drivers.dir/__/__/Core/Src/system_stm32f4xx.c.obj
 .ARM.attributes
                0x000002b3       0x34 D:/Users/sky/Desktop/MCDP/code/AKS_CAR/config_default/cmake/stm32cubemx/CMakeFiles/STM32_Drivers.dir/__/__/Drivers/STM32F4xx_HAL_Driver/Src/stm32f4xx_hal_tim.c.obj
 .ARM.attributes
                0x000002e7       0x34 D:/Users/sky/Desktop/MCDP/code/AKS_CAR/config_default/cmake/stm32cubemx/CMakeFiles/STM32_Drivers.dir/__/__/Drivers/STM32F4xx_HAL_Driver/Src/stm32f4xx_hal_tim_ex.c.obj
 .ARM.attributes
                0x0000031b       0x34 D:/Users/sky/Desktop/MCDP/code/AKS_CAR/config_default/cmake/stm32cubemx/CMakeFiles/STM32_Drivers.dir/__/__/Drivers/STM32F4xx_HAL_Driver/Src/stm32f4xx_hal_rcc.c.obj
 .ARM.attributes
                0x0000034f       0x34 D:/Users/sky/Desktop/MCDP/code/AKS_CAR/config_default/cmake/stm32cubemx/CMakeFiles/STM32_Drivers.dir/__/__/Drivers/STM32F4xx_HAL_Driver/Src/stm32f4xx_hal_gpio.c.obj
 .ARM.attributes
                0x00000383       0x34 D:/Users/sky/Desktop/MCDP/code/AKS_CAR/config_default/cmake/stm32cubemx/CMakeFiles/STM32_Drivers.dir/__/__/Drivers/STM32F4xx_HAL_Driver/Src/stm32f4xx_hal_dma.c.obj
 .ARM.attributes
                0x000003b7       0x34 D:/Users/sky/Desktop/MCDP/code/AKS_CAR/config_default/cmake/stm32cubemx/CMakeFiles/STM32_Drivers.dir/__/__/Drivers/STM32F4xx_HAL_Driver/Src/stm32f4xx_hal_cortex.c.obj
 .ARM.attributes
                0x000003eb       0x34 D:/Users/sky/Desktop/MCDP/code/AKS_CAR/config_default/cmake/stm32cubemx/CMakeFiles/STM32_Drivers.dir/__/__/Drivers/STM32F4xx_HAL_Driver/Src/stm32f4xx_hal.c.obj
 .ARM.attributes
                0x0000041f       0x34 D:/Users/sky/Desktop/MCDP/code/AKS_CAR/config_default/cmake/stm32cubemx/CMakeFiles/STM32_Drivers.dir/__/__/Drivers/STM32F4xx_HAL_Driver/Src/stm32f4xx_hal_uart.c.obj
 .ARM.attributes
                0x00000453       0x22 C:/ST/STM32CubeIDE_1.18.1/STM32CubeIDE/plugins/com.st.stm32cube.ide.mcu.externaltools.gnu-tools-for-stm32.13.3.rel1.win32_1.0.0.202411081344/tools/bin/../lib/gcc/arm-none-eabi/13.3.1/thumb/v7e-m+fp/hard\libgcc.a(_aeabi_uldivmod.o)
 .ARM.attributes
                0x00000475       0x34 C:/ST/STM32CubeIDE_1.18.1/STM32CubeIDE/plugins/com.st.stm32cube.ide.mcu.externaltools.gnu-tools-for-stm32.13.3.rel1.win32_1.0.0.202411081344/tools/bin/../lib/gcc/arm-none-eabi/13.3.1/thumb/v7e-m+fp/hard\libgcc.a(_udivmoddi4.o)
 .ARM.attributes
                0x000004a9       0x22 C:/ST/STM32CubeIDE_1.18.1/STM32CubeIDE/plugins/com.st.stm32cube.ide.mcu.externaltools.gnu-tools-for-stm32.13.3.rel1.win32_1.0.0.202411081344/tools/bin/../lib/gcc/arm-none-eabi/13.3.1/thumb/v7e-m+fp/hard\libgcc.a(_dvmd_tls.o)
 .ARM.attributes
                0x000004cb       0x22 C:/ST/STM32CubeIDE_1.18.1/STM32CubeIDE/plugins/com.st.stm32cube.ide.mcu.externaltools.gnu-tools-for-stm32.13.3.rel1.win32_1.0.0.202411081344/tools/bin/../lib/gcc/arm-none-eabi/13.3.1/thumb/v7e-m+fp/hard/crtn.o

.comment        0x00000000       0x43
 .comment       0x00000000       0x43 CMakeFiles/Aks-SmartCar.dir/Core/Src/servo.c.obj
                                 0x44 (size before relaxing)
 .comment       0x00000043       0x44 CMakeFiles/Aks-SmartCar.dir/Core/Src/main.c.obj
 .comment       0x00000043       0x44 CMakeFiles/Aks-SmartCar.dir/Core/Src/gpio.c.obj
 .comment       0x00000043       0x44 CMakeFiles/Aks-SmartCar.dir/Core/Src/dma.c.obj
 .comment       0x00000043       0x44 CMakeFiles/Aks-SmartCar.dir/Core/Src/tim.c.obj
 .comment       0x00000043       0x44 CMakeFiles/Aks-SmartCar.dir/Core/Src/usart.c.obj
 .comment       0x00000043       0x44 CMakeFiles/Aks-SmartCar.dir/Core/Src/stm32f4xx_it.c.obj
 .comment       0x00000043       0x44 CMakeFiles/Aks-SmartCar.dir/Core/Src/stm32f4xx_hal_msp.c.obj
 .comment       0x00000043       0x44 D:/Users/sky/Desktop/MCDP/code/AKS_CAR/config_default/cmake/stm32cubemx/CMakeFiles/STM32_Drivers.dir/__/__/Core/Src/system_stm32f4xx.c.obj
 .comment       0x00000043       0x44 D:/Users/sky/Desktop/MCDP/code/AKS_CAR/config_default/cmake/stm32cubemx/CMakeFiles/STM32_Drivers.dir/__/__/Drivers/STM32F4xx_HAL_Driver/Src/stm32f4xx_hal_tim.c.obj
 .comment       0x00000043       0x44 D:/Users/sky/Desktop/MCDP/code/AKS_CAR/config_default/cmake/stm32cubemx/CMakeFiles/STM32_Drivers.dir/__/__/Drivers/STM32F4xx_HAL_Driver/Src/stm32f4xx_hal_tim_ex.c.obj
 .comment       0x00000043       0x44 D:/Users/sky/Desktop/MCDP/code/AKS_CAR/config_default/cmake/stm32cubemx/CMakeFiles/STM32_Drivers.dir/__/__/Drivers/STM32F4xx_HAL_Driver/Src/stm32f4xx_hal_rcc.c.obj
 .comment       0x00000043       0x44 D:/Users/sky/Desktop/MCDP/code/AKS_CAR/config_default/cmake/stm32cubemx/CMakeFiles/STM32_Drivers.dir/__/__/Drivers/STM32F4xx_HAL_Driver/Src/stm32f4xx_hal_gpio.c.obj
 .comment       0x00000043       0x44 D:/Users/sky/Desktop/MCDP/code/AKS_CAR/config_default/cmake/stm32cubemx/CMakeFiles/STM32_Drivers.dir/__/__/Drivers/STM32F4xx_HAL_Driver/Src/stm32f4xx_hal_dma.c.obj
 .comment       0x00000043       0x44 D:/Users/sky/Desktop/MCDP/code/AKS_CAR/config_default/cmake/stm32cubemx/CMakeFiles/STM32_Drivers.dir/__/__/Drivers/STM32F4xx_HAL_Driver/Src/stm32f4xx_hal_cortex.c.obj
 .comment       0x00000043       0x44 D:/Users/sky/Desktop/MCDP/code/AKS_CAR/config_default/cmake/stm32cubemx/CMakeFiles/STM32_Drivers.dir/__/__/Drivers/STM32F4xx_HAL_Driver/Src/stm32f4xx_hal.c.obj
 .comment       0x00000043       0x44 D:/Users/sky/Desktop/MCDP/code/AKS_CAR/config_default/cmake/stm32cubemx/CMakeFiles/STM32_Drivers.dir/__/__/Drivers/STM32F4xx_HAL_Driver/Src/stm32f4xx_hal_uart.c.obj

.debug_frame    0x00000000     0x3704
 .debug_frame   0x00000000       0x20 C:/ST/STM32CubeIDE_1.18.1/STM32CubeIDE/plugins/com.st.stm32cube.ide.mcu.externaltools.gnu-tools-for-stm32.13.3.rel1.win32_1.0.0.202411081344/tools/bin/../lib/gcc/arm-none-eabi/13.3.1/../../../../arm-none-eabi/lib/thumb/v7e-m+fp/hard\libc_nano.a(libc_a-memset.o)
 .debug_frame   0x00000020       0x2c C:/ST/STM32CubeIDE_1.18.1/STM32CubeIDE/plugins/com.st.stm32cube.ide.mcu.externaltools.gnu-tools-for-stm32.13.3.rel1.win32_1.0.0.202411081344/tools/bin/../lib/gcc/arm-none-eabi/13.3.1/../../../../arm-none-eabi/lib/thumb/v7e-m+fp/hard\libc_nano.a(libc_a-init.o)
 .debug_frame   0x0000004c      0x12c CMakeFiles/Aks-SmartCar.dir/Core/Src/servo.c.obj
 .debug_frame   0x00000178       0x68 CMakeFiles/Aks-SmartCar.dir/Core/Src/main.c.obj
 .debug_frame   0x000001e0       0x34 CMakeFiles/Aks-SmartCar.dir/Core/Src/gpio.c.obj
 .debug_frame   0x00000214       0x34 CMakeFiles/Aks-SmartCar.dir/Core/Src/dma.c.obj
 .debug_frame   0x00000248      0x234 CMakeFiles/Aks-SmartCar.dir/Core/Src/tim.c.obj
 .debug_frame   0x0000047c       0x94 CMakeFiles/Aks-SmartCar.dir/Core/Src/usart.c.obj
 .debug_frame   0x00000510      0x1ac CMakeFiles/Aks-SmartCar.dir/Core/Src/stm32f4xx_it.c.obj
 .debug_frame   0x000006bc       0x38 CMakeFiles/Aks-SmartCar.dir/Core/Src/stm32f4xx_hal_msp.c.obj
 .debug_frame   0x000006f4       0x58 D:/Users/sky/Desktop/MCDP/code/AKS_CAR/config_default/cmake/stm32cubemx/CMakeFiles/STM32_Drivers.dir/__/__/Core/Src/system_stm32f4xx.c.obj
 .debug_frame   0x0000074c     0x11c0 D:/Users/sky/Desktop/MCDP/code/AKS_CAR/config_default/cmake/stm32cubemx/CMakeFiles/STM32_Drivers.dir/__/__/Drivers/STM32F4xx_HAL_Driver/Src/stm32f4xx_hal_tim.c.obj
 .debug_frame   0x0000190c      0x638 D:/Users/sky/Desktop/MCDP/code/AKS_CAR/config_default/cmake/stm32cubemx/CMakeFiles/STM32_Drivers.dir/__/__/Drivers/STM32F4xx_HAL_Driver/Src/stm32f4xx_hal_tim_ex.c.obj
 .debug_frame   0x00001f44      0x1f4 D:/Users/sky/Desktop/MCDP/code/AKS_CAR/config_default/cmake/stm32cubemx/CMakeFiles/STM32_Drivers.dir/__/__/Drivers/STM32F4xx_HAL_Driver/Src/stm32f4xx_hal_rcc.c.obj
 .debug_frame   0x00002138      0x14c D:/Users/sky/Desktop/MCDP/code/AKS_CAR/config_default/cmake/stm32cubemx/CMakeFiles/STM32_Drivers.dir/__/__/Drivers/STM32F4xx_HAL_Driver/Src/stm32f4xx_hal_gpio.c.obj
 .debug_frame   0x00002284      0x250 D:/Users/sky/Desktop/MCDP/code/AKS_CAR/config_default/cmake/stm32cubemx/CMakeFiles/STM32_Drivers.dir/__/__/Drivers/STM32F4xx_HAL_Driver/Src/stm32f4xx_hal_dma.c.obj
 .debug_frame   0x000024d4      0x508 D:/Users/sky/Desktop/MCDP/code/AKS_CAR/config_default/cmake/stm32cubemx/CMakeFiles/STM32_Drivers.dir/__/__/Drivers/STM32F4xx_HAL_Driver/Src/stm32f4xx_hal_cortex.c.obj
 .debug_frame   0x000029dc      0x374 D:/Users/sky/Desktop/MCDP/code/AKS_CAR/config_default/cmake/stm32cubemx/CMakeFiles/STM32_Drivers.dir/__/__/Drivers/STM32F4xx_HAL_Driver/Src/stm32f4xx_hal.c.obj
 .debug_frame   0x00002d50      0x954 D:/Users/sky/Desktop/MCDP/code/AKS_CAR/config_default/cmake/stm32cubemx/CMakeFiles/STM32_Drivers.dir/__/__/Drivers/STM32F4xx_HAL_Driver/Src/stm32f4xx_hal_uart.c.obj
 .debug_frame   0x000036a4       0x2c C:/ST/STM32CubeIDE_1.18.1/STM32CubeIDE/plugins/com.st.stm32cube.ide.mcu.externaltools.gnu-tools-for-stm32.13.3.rel1.win32_1.0.0.202411081344/tools/bin/../lib/gcc/arm-none-eabi/13.3.1/thumb/v7e-m+fp/hard\libgcc.a(_aeabi_uldivmod.o)
 .debug_frame   0x000036d0       0x34 C:/ST/STM32CubeIDE_1.18.1/STM32CubeIDE/plugins/com.st.stm32cube.ide.mcu.externaltools.gnu-tools-for-stm32.13.3.rel1.win32_1.0.0.202411081344/tools/bin/../lib/gcc/arm-none-eabi/13.3.1/thumb/v7e-m+fp/hard\libgcc.a(_udivmoddi4.o)

.debug_info     0x00000000     0xe4cc
 .debug_info    0x00000000      0x7ac CMakeFiles/Aks-SmartCar.dir/Core/Src/servo.c.obj
 .debug_info    0x000007ac      0xa0d CMakeFiles/Aks-SmartCar.dir/Core/Src/main.c.obj
 .debug_info    0x000011b9      0x45d CMakeFiles/Aks-SmartCar.dir/Core/Src/gpio.c.obj
 .debug_info    0x00001616      0x4c6 CMakeFiles/Aks-SmartCar.dir/Core/Src/dma.c.obj
 .debug_info    0x00001adc     0x121d CMakeFiles/Aks-SmartCar.dir/Core/Src/tim.c.obj
 .debug_info    0x00002cf9      0xc50 CMakeFiles/Aks-SmartCar.dir/Core/Src/usart.c.obj
 .debug_info    0x00003949      0x6d4 CMakeFiles/Aks-SmartCar.dir/Core/Src/stm32f4xx_it.c.obj
 .debug_info    0x0000401d      0x269 CMakeFiles/Aks-SmartCar.dir/Core/Src/stm32f4xx_hal_msp.c.obj
 .debug_info    0x00004286       0x30 CMakeFiles/Aks-SmartCar.dir/startup_stm32f407xx.s.obj
 .debug_info    0x000042b6      0x512 D:/Users/sky/Desktop/MCDP/code/AKS_CAR/config_default/cmake/stm32cubemx/CMakeFiles/STM32_Drivers.dir/__/__/Core/Src/system_stm32f4xx.c.obj
 .debug_info    0x000047c8     0x299d D:/Users/sky/Desktop/MCDP/code/AKS_CAR/config_default/cmake/stm32cubemx/CMakeFiles/STM32_Drivers.dir/__/__/Drivers/STM32F4xx_HAL_Driver/Src/stm32f4xx_hal_tim.c.obj
 .debug_info    0x00007165     0x14db D:/Users/sky/Desktop/MCDP/code/AKS_CAR/config_default/cmake/stm32cubemx/CMakeFiles/STM32_Drivers.dir/__/__/Drivers/STM32F4xx_HAL_Driver/Src/stm32f4xx_hal_tim_ex.c.obj
 .debug_info    0x00008640      0x8c3 D:/Users/sky/Desktop/MCDP/code/AKS_CAR/config_default/cmake/stm32cubemx/CMakeFiles/STM32_Drivers.dir/__/__/Drivers/STM32F4xx_HAL_Driver/Src/stm32f4xx_hal_rcc.c.obj
 .debug_info    0x00008f03      0x6c3 D:/Users/sky/Desktop/MCDP/code/AKS_CAR/config_default/cmake/stm32cubemx/CMakeFiles/STM32_Drivers.dir/__/__/Drivers/STM32F4xx_HAL_Driver/Src/stm32f4xx_hal_gpio.c.obj
 .debug_info    0x000095c6      0x8e7 D:/Users/sky/Desktop/MCDP/code/AKS_CAR/config_default/cmake/stm32cubemx/CMakeFiles/STM32_Drivers.dir/__/__/Drivers/STM32F4xx_HAL_Driver/Src/stm32f4xx_hal_dma.c.obj
 .debug_info    0x00009ead      0xd8c D:/Users/sky/Desktop/MCDP/code/AKS_CAR/config_default/cmake/stm32cubemx/CMakeFiles/STM32_Drivers.dir/__/__/Drivers/STM32F4xx_HAL_Driver/Src/stm32f4xx_hal_cortex.c.obj
 .debug_info    0x0000ac39      0x944 D:/Users/sky/Desktop/MCDP/code/AKS_CAR/config_default/cmake/stm32cubemx/CMakeFiles/STM32_Drivers.dir/__/__/Drivers/STM32F4xx_HAL_Driver/Src/stm32f4xx_hal.c.obj
 .debug_info    0x0000b57d     0x2f4f D:/Users/sky/Desktop/MCDP/code/AKS_CAR/config_default/cmake/stm32cubemx/CMakeFiles/STM32_Drivers.dir/__/__/Drivers/STM32F4xx_HAL_Driver/Src/stm32f4xx_hal_uart.c.obj

.debug_abbrev   0x00000000     0x22e9
 .debug_abbrev  0x00000000      0x1f3 CMakeFiles/Aks-SmartCar.dir/Core/Src/servo.c.obj
 .debug_abbrev  0x000001f3      0x22a CMakeFiles/Aks-SmartCar.dir/Core/Src/main.c.obj
 .debug_abbrev  0x0000041d      0x152 CMakeFiles/Aks-SmartCar.dir/Core/Src/gpio.c.obj
 .debug_abbrev  0x0000056f      0x11b CMakeFiles/Aks-SmartCar.dir/Core/Src/dma.c.obj
 .debug_abbrev  0x0000068a      0x25b CMakeFiles/Aks-SmartCar.dir/Core/Src/tim.c.obj
 .debug_abbrev  0x000008e5      0x234 CMakeFiles/Aks-SmartCar.dir/Core/Src/usart.c.obj
 .debug_abbrev  0x00000b19      0x191 CMakeFiles/Aks-SmartCar.dir/Core/Src/stm32f4xx_it.c.obj
 .debug_abbrev  0x00000caa       0xd8 CMakeFiles/Aks-SmartCar.dir/Core/Src/stm32f4xx_hal_msp.c.obj
 .debug_abbrev  0x00000d82       0x24 CMakeFiles/Aks-SmartCar.dir/startup_stm32f407xx.s.obj
 .debug_abbrev  0x00000da6      0x11a D:/Users/sky/Desktop/MCDP/code/AKS_CAR/config_default/cmake/stm32cubemx/CMakeFiles/STM32_Drivers.dir/__/__/Core/Src/system_stm32f4xx.c.obj
 .debug_abbrev  0x00000ec0      0x278 D:/Users/sky/Desktop/MCDP/code/AKS_CAR/config_default/cmake/stm32cubemx/CMakeFiles/STM32_Drivers.dir/__/__/Drivers/STM32F4xx_HAL_Driver/Src/stm32f4xx_hal_tim.c.obj
 .debug_abbrev  0x00001138      0x283 D:/Users/sky/Desktop/MCDP/code/AKS_CAR/config_default/cmake/stm32cubemx/CMakeFiles/STM32_Drivers.dir/__/__/Drivers/STM32F4xx_HAL_Driver/Src/stm32f4xx_hal_tim_ex.c.obj
 .debug_abbrev  0x000013bb      0x2b7 D:/Users/sky/Desktop/MCDP/code/AKS_CAR/config_default/cmake/stm32cubemx/CMakeFiles/STM32_Drivers.dir/__/__/Drivers/STM32F4xx_HAL_Driver/Src/stm32f4xx_hal_rcc.c.obj
 .debug_abbrev  0x00001672      0x1d4 D:/Users/sky/Desktop/MCDP/code/AKS_CAR/config_default/cmake/stm32cubemx/CMakeFiles/STM32_Drivers.dir/__/__/Drivers/STM32F4xx_HAL_Driver/Src/stm32f4xx_hal_gpio.c.obj
 .debug_abbrev  0x00001846      0x264 D:/Users/sky/Desktop/MCDP/code/AKS_CAR/config_default/cmake/stm32cubemx/CMakeFiles/STM32_Drivers.dir/__/__/Drivers/STM32F4xx_HAL_Driver/Src/stm32f4xx_hal_dma.c.obj
 .debug_abbrev  0x00001aaa      0x31d D:/Users/sky/Desktop/MCDP/code/AKS_CAR/config_default/cmake/stm32cubemx/CMakeFiles/STM32_Drivers.dir/__/__/Drivers/STM32F4xx_HAL_Driver/Src/stm32f4xx_hal_cortex.c.obj
 .debug_abbrev  0x00001dc7      0x214 D:/Users/sky/Desktop/MCDP/code/AKS_CAR/config_default/cmake/stm32cubemx/CMakeFiles/STM32_Drivers.dir/__/__/Drivers/STM32F4xx_HAL_Driver/Src/stm32f4xx_hal.c.obj
 .debug_abbrev  0x00001fdb      0x30e D:/Users/sky/Desktop/MCDP/code/AKS_CAR/config_default/cmake/stm32cubemx/CMakeFiles/STM32_Drivers.dir/__/__/Drivers/STM32F4xx_HAL_Driver/Src/stm32f4xx_hal_uart.c.obj

.debug_aranges  0x00000000      0xd68
 .debug_aranges
                0x00000000       0x60 CMakeFiles/Aks-SmartCar.dir/Core/Src/servo.c.obj
 .debug_aranges
                0x00000060       0x30 CMakeFiles/Aks-SmartCar.dir/Core/Src/main.c.obj
 .debug_aranges
                0x00000090       0x20 CMakeFiles/Aks-SmartCar.dir/Core/Src/gpio.c.obj
 .debug_aranges
                0x000000b0       0x20 CMakeFiles/Aks-SmartCar.dir/Core/Src/dma.c.obj
 .debug_aranges
                0x000000d0       0x90 CMakeFiles/Aks-SmartCar.dir/Core/Src/tim.c.obj
 .debug_aranges
                0x00000160       0x38 CMakeFiles/Aks-SmartCar.dir/Core/Src/usart.c.obj
 .debug_aranges
                0x00000198       0x90 CMakeFiles/Aks-SmartCar.dir/Core/Src/stm32f4xx_it.c.obj
 .debug_aranges
                0x00000228       0x20 CMakeFiles/Aks-SmartCar.dir/Core/Src/stm32f4xx_hal_msp.c.obj
 .debug_aranges
                0x00000248       0x28 CMakeFiles/Aks-SmartCar.dir/startup_stm32f407xx.s.obj
 .debug_aranges
                0x00000270       0x28 D:/Users/sky/Desktop/MCDP/code/AKS_CAR/config_default/cmake/stm32cubemx/CMakeFiles/STM32_Drivers.dir/__/__/Core/Src/system_stm32f4xx.c.obj
 .debug_aranges
                0x00000298      0x3d0 D:/Users/sky/Desktop/MCDP/code/AKS_CAR/config_default/cmake/stm32cubemx/CMakeFiles/STM32_Drivers.dir/__/__/Drivers/STM32F4xx_HAL_Driver/Src/stm32f4xx_hal_tim.c.obj
 .debug_aranges
                0x00000668      0x168 D:/Users/sky/Desktop/MCDP/code/AKS_CAR/config_default/cmake/stm32cubemx/CMakeFiles/STM32_Drivers.dir/__/__/Drivers/STM32F4xx_HAL_Driver/Src/stm32f4xx_hal_tim_ex.c.obj
 .debug_aranges
                0x000007d0       0x88 D:/Users/sky/Desktop/MCDP/code/AKS_CAR/config_default/cmake/stm32cubemx/CMakeFiles/STM32_Drivers.dir/__/__/Drivers/STM32F4xx_HAL_Driver/Src/stm32f4xx_hal_rcc.c.obj
 .debug_aranges
                0x00000858       0x58 D:/Users/sky/Desktop/MCDP/code/AKS_CAR/config_default/cmake/stm32cubemx/CMakeFiles/STM32_Drivers.dir/__/__/Drivers/STM32F4xx_HAL_Driver/Src/stm32f4xx_hal_gpio.c.obj
 .debug_aranges
                0x000008b0       0x90 D:/Users/sky/Desktop/MCDP/code/AKS_CAR/config_default/cmake/stm32cubemx/CMakeFiles/STM32_Drivers.dir/__/__/Drivers/STM32F4xx_HAL_Driver/Src/stm32f4xx_hal_dma.c.obj
 .debug_aranges
                0x00000940      0x130 D:/Users/sky/Desktop/MCDP/code/AKS_CAR/config_default/cmake/stm32cubemx/CMakeFiles/STM32_Drivers.dir/__/__/Drivers/STM32F4xx_HAL_Driver/Src/stm32f4xx_hal_cortex.c.obj
 .debug_aranges
                0x00000a70       0xf0 D:/Users/sky/Desktop/MCDP/code/AKS_CAR/config_default/cmake/stm32cubemx/CMakeFiles/STM32_Drivers.dir/__/__/Drivers/STM32F4xx_HAL_Driver/Src/stm32f4xx_hal.c.obj
 .debug_aranges
                0x00000b60      0x208 D:/Users/sky/Desktop/MCDP/code/AKS_CAR/config_default/cmake/stm32cubemx/CMakeFiles/STM32_Drivers.dir/__/__/Drivers/STM32F4xx_HAL_Driver/Src/stm32f4xx_hal_uart.c.obj

.debug_rnglists
                0x00000000      0xa70
 .debug_rnglists
                0x00000000       0x43 CMakeFiles/Aks-SmartCar.dir/Core/Src/servo.c.obj
 .debug_rnglists
                0x00000043       0x20 CMakeFiles/Aks-SmartCar.dir/Core/Src/main.c.obj
 .debug_rnglists
                0x00000063       0x14 CMakeFiles/Aks-SmartCar.dir/Core/Src/gpio.c.obj
 .debug_rnglists
                0x00000077       0x14 CMakeFiles/Aks-SmartCar.dir/Core/Src/dma.c.obj
 .debug_rnglists
                0x0000008b       0x72 CMakeFiles/Aks-SmartCar.dir/Core/Src/tim.c.obj
 .debug_rnglists
                0x000000fd       0x27 CMakeFiles/Aks-SmartCar.dir/Core/Src/usart.c.obj
 .debug_rnglists
                0x00000124       0x67 CMakeFiles/Aks-SmartCar.dir/Core/Src/stm32f4xx_it.c.obj
 .debug_rnglists
                0x0000018b       0x13 CMakeFiles/Aks-SmartCar.dir/Core/Src/stm32f4xx_hal_msp.c.obj
 .debug_rnglists
                0x0000019e       0x19 CMakeFiles/Aks-SmartCar.dir/startup_stm32f407xx.s.obj
 .debug_rnglists
                0x000001b7       0x1a D:/Users/sky/Desktop/MCDP/code/AKS_CAR/config_default/cmake/stm32cubemx/CMakeFiles/STM32_Drivers.dir/__/__/Core/Src/system_stm32f4xx.c.obj
 .debug_rnglists
                0x000001d1      0x31a D:/Users/sky/Desktop/MCDP/code/AKS_CAR/config_default/cmake/stm32cubemx/CMakeFiles/STM32_Drivers.dir/__/__/Drivers/STM32F4xx_HAL_Driver/Src/stm32f4xx_hal_tim.c.obj
 .debug_rnglists
                0x000004eb      0x125 D:/Users/sky/Desktop/MCDP/code/AKS_CAR/config_default/cmake/stm32cubemx/CMakeFiles/STM32_Drivers.dir/__/__/Drivers/STM32F4xx_HAL_Driver/Src/stm32f4xx_hal_tim_ex.c.obj
 .debug_rnglists
                0x00000610       0x66 D:/Users/sky/Desktop/MCDP/code/AKS_CAR/config_default/cmake/stm32cubemx/CMakeFiles/STM32_Drivers.dir/__/__/Drivers/STM32F4xx_HAL_Driver/Src/stm32f4xx_hal_rcc.c.obj
 .debug_rnglists
                0x00000676       0x3f D:/Users/sky/Desktop/MCDP/code/AKS_CAR/config_default/cmake/stm32cubemx/CMakeFiles/STM32_Drivers.dir/__/__/Drivers/STM32F4xx_HAL_Driver/Src/stm32f4xx_hal_gpio.c.obj
 .debug_rnglists
                0x000006b5       0x70 D:/Users/sky/Desktop/MCDP/code/AKS_CAR/config_default/cmake/stm32cubemx/CMakeFiles/STM32_Drivers.dir/__/__/Drivers/STM32F4xx_HAL_Driver/Src/stm32f4xx_hal_dma.c.obj
 .debug_rnglists
                0x00000725       0xe0 D:/Users/sky/Desktop/MCDP/code/AKS_CAR/config_default/cmake/stm32cubemx/CMakeFiles/STM32_Drivers.dir/__/__/Drivers/STM32F4xx_HAL_Driver/Src/stm32f4xx_hal_cortex.c.obj
 .debug_rnglists
                0x00000805       0xaf D:/Users/sky/Desktop/MCDP/code/AKS_CAR/config_default/cmake/stm32cubemx/CMakeFiles/STM32_Drivers.dir/__/__/Drivers/STM32F4xx_HAL_Driver/Src/stm32f4xx_hal.c.obj
 .debug_rnglists
                0x000008b4      0x1bc D:/Users/sky/Desktop/MCDP/code/AKS_CAR/config_default/cmake/stm32cubemx/CMakeFiles/STM32_Drivers.dir/__/__/Drivers/STM32F4xx_HAL_Driver/Src/stm32f4xx_hal_uart.c.obj

.debug_macro    0x00000000     0x2053
 .debug_macro   0x00000000      0x1f6 CMakeFiles/Aks-SmartCar.dir/Core/Src/servo.c.obj
 .debug_macro   0x000001f6      0x227 CMakeFiles/Aks-SmartCar.dir/Core/Src/main.c.obj
 .debug_macro   0x0000041d      0x1e8 CMakeFiles/Aks-SmartCar.dir/Core/Src/gpio.c.obj
 .debug_macro   0x00000605      0x1e8 CMakeFiles/Aks-SmartCar.dir/Core/Src/dma.c.obj
 .debug_macro   0x000007ed      0x1e8 CMakeFiles/Aks-SmartCar.dir/Core/Src/tim.c.obj
 .debug_macro   0x000009d5      0x1e8 CMakeFiles/Aks-SmartCar.dir/Core/Src/usart.c.obj
 .debug_macro   0x00000bbd      0x1e8 CMakeFiles/Aks-SmartCar.dir/Core/Src/stm32f4xx_it.c.obj
 .debug_macro   0x00000da5      0x1de CMakeFiles/Aks-SmartCar.dir/Core/Src/stm32f4xx_hal_msp.c.obj
 .debug_macro   0x00000f83      0x1ce D:/Users/sky/Desktop/MCDP/code/AKS_CAR/config_default/cmake/stm32cubemx/CMakeFiles/STM32_Drivers.dir/__/__/Core/Src/system_stm32f4xx.c.obj
 .debug_macro   0x00001151      0x1cf D:/Users/sky/Desktop/MCDP/code/AKS_CAR/config_default/cmake/stm32cubemx/CMakeFiles/STM32_Drivers.dir/__/__/Drivers/STM32F4xx_HAL_Driver/Src/stm32f4xx_hal_tim.c.obj
 .debug_macro   0x00001320      0x1ce D:/Users/sky/Desktop/MCDP/code/AKS_CAR/config_default/cmake/stm32cubemx/CMakeFiles/STM32_Drivers.dir/__/__/Drivers/STM32F4xx_HAL_Driver/Src/stm32f4xx_hal_tim_ex.c.obj
 .debug_macro   0x000014ee      0x1f2 D:/Users/sky/Desktop/MCDP/code/AKS_CAR/config_default/cmake/stm32cubemx/CMakeFiles/STM32_Drivers.dir/__/__/Drivers/STM32F4xx_HAL_Driver/Src/stm32f4xx_hal_rcc.c.obj
 .debug_macro   0x000016e0      0x1d4 D:/Users/sky/Desktop/MCDP/code/AKS_CAR/config_default/cmake/stm32cubemx/CMakeFiles/STM32_Drivers.dir/__/__/Drivers/STM32F4xx_HAL_Driver/Src/stm32f4xx_hal_gpio.c.obj
 .debug_macro   0x000018b4      0x1d4 D:/Users/sky/Desktop/MCDP/code/AKS_CAR/config_default/cmake/stm32cubemx/CMakeFiles/STM32_Drivers.dir/__/__/Drivers/STM32F4xx_HAL_Driver/Src/stm32f4xx_hal_dma.c.obj
 .debug_macro   0x00001a88      0x1ce D:/Users/sky/Desktop/MCDP/code/AKS_CAR/config_default/cmake/stm32cubemx/CMakeFiles/STM32_Drivers.dir/__/__/Drivers/STM32F4xx_HAL_Driver/Src/stm32f4xx_hal_cortex.c.obj
 .debug_macro   0x00001c56      0x22e D:/Users/sky/Desktop/MCDP/code/AKS_CAR/config_default/cmake/stm32cubemx/CMakeFiles/STM32_Drivers.dir/__/__/Drivers/STM32F4xx_HAL_Driver/Src/stm32f4xx_hal.c.obj
 .debug_macro   0x00001e84      0x1cf D:/Users/sky/Desktop/MCDP/code/AKS_CAR/config_default/cmake/stm32cubemx/CMakeFiles/STM32_Drivers.dir/__/__/Drivers/STM32F4xx_HAL_Driver/Src/stm32f4xx_hal_uart.c.obj

.debug_line     0x00000000    0x112a1
 .debug_line    0x00000000      0x924 CMakeFiles/Aks-SmartCar.dir/Core/Src/servo.c.obj
 .debug_line    0x00000924      0x8ee CMakeFiles/Aks-SmartCar.dir/Core/Src/main.c.obj
 .debug_line    0x00001212      0x84d CMakeFiles/Aks-SmartCar.dir/Core/Src/gpio.c.obj
 .debug_line    0x00001a5f      0x821 CMakeFiles/Aks-SmartCar.dir/Core/Src/dma.c.obj
 .debug_line    0x00002280      0xdac CMakeFiles/Aks-SmartCar.dir/Core/Src/tim.c.obj
 .debug_line    0x0000302c      0x9ae CMakeFiles/Aks-SmartCar.dir/Core/Src/usart.c.obj
 .debug_line    0x000039da      0x95d CMakeFiles/Aks-SmartCar.dir/Core/Src/stm32f4xx_it.c.obj
 .debug_line    0x00004337      0x81e CMakeFiles/Aks-SmartCar.dir/Core/Src/stm32f4xx_hal_msp.c.obj
 .debug_line    0x00004b55       0x7a CMakeFiles/Aks-SmartCar.dir/startup_stm32f407xx.s.obj
 .debug_line    0x00004bcf      0x894 D:/Users/sky/Desktop/MCDP/code/AKS_CAR/config_default/cmake/stm32cubemx/CMakeFiles/STM32_Drivers.dir/__/__/Core/Src/system_stm32f4xx.c.obj
 .debug_line    0x00005463     0x3885 D:/Users/sky/Desktop/MCDP/code/AKS_CAR/config_default/cmake/stm32cubemx/CMakeFiles/STM32_Drivers.dir/__/__/Drivers/STM32F4xx_HAL_Driver/Src/stm32f4xx_hal_tim.c.obj
 .debug_line    0x00008ce8     0x1a70 D:/Users/sky/Desktop/MCDP/code/AKS_CAR/config_default/cmake/stm32cubemx/CMakeFiles/STM32_Drivers.dir/__/__/Drivers/STM32F4xx_HAL_Driver/Src/stm32f4xx_hal_tim_ex.c.obj
 .debug_line    0x0000a758      0xf1d D:/Users/sky/Desktop/MCDP/code/AKS_CAR/config_default/cmake/stm32cubemx/CMakeFiles/STM32_Drivers.dir/__/__/Drivers/STM32F4xx_HAL_Driver/Src/stm32f4xx_hal_rcc.c.obj
 .debug_line    0x0000b675      0xc68 D:/Users/sky/Desktop/MCDP/code/AKS_CAR/config_default/cmake/stm32cubemx/CMakeFiles/STM32_Drivers.dir/__/__/Drivers/STM32F4xx_HAL_Driver/Src/stm32f4xx_hal_gpio.c.obj
 .debug_line    0x0000c2dd     0x107c D:/Users/sky/Desktop/MCDP/code/AKS_CAR/config_default/cmake/stm32cubemx/CMakeFiles/STM32_Drivers.dir/__/__/Drivers/STM32F4xx_HAL_Driver/Src/stm32f4xx_hal_dma.c.obj
 .debug_line    0x0000d359      0xde0 D:/Users/sky/Desktop/MCDP/code/AKS_CAR/config_default/cmake/stm32cubemx/CMakeFiles/STM32_Drivers.dir/__/__/Drivers/STM32F4xx_HAL_Driver/Src/stm32f4xx_hal_cortex.c.obj
 .debug_line    0x0000e139      0xb10 D:/Users/sky/Desktop/MCDP/code/AKS_CAR/config_default/cmake/stm32cubemx/CMakeFiles/STM32_Drivers.dir/__/__/Drivers/STM32F4xx_HAL_Driver/Src/stm32f4xx_hal.c.obj
 .debug_line    0x0000ec49     0x2658 D:/Users/sky/Desktop/MCDP/code/AKS_CAR/config_default/cmake/stm32cubemx/CMakeFiles/STM32_Drivers.dir/__/__/Drivers/STM32F4xx_HAL_Driver/Src/stm32f4xx_hal_uart.c.obj

.debug_str      0x00000000    0xc7d58
 .debug_str     0x00000000    0xc7d58 CMakeFiles/Aks-SmartCar.dir/Core/Src/servo.c.obj
                              0xc4492 (size before relaxing)
 .debug_str     0x000c7d58    0xc473b CMakeFiles/Aks-SmartCar.dir/Core/Src/main.c.obj
 .debug_str     0x000c7d58    0xc4053 CMakeFiles/Aks-SmartCar.dir/Core/Src/gpio.c.obj
 .debug_str     0x000c7d58    0xc44a5 CMakeFiles/Aks-SmartCar.dir/Core/Src/dma.c.obj
 .debug_str     0x000c7d58    0xc4a54 CMakeFiles/Aks-SmartCar.dir/Core/Src/tim.c.obj
 .debug_str     0x000c7d58    0xc4ab7 CMakeFiles/Aks-SmartCar.dir/Core/Src/usart.c.obj
 .debug_str     0x000c7d58    0xc4486 CMakeFiles/Aks-SmartCar.dir/Core/Src/stm32f4xx_it.c.obj
 .debug_str     0x000c7d58    0xc3f88 CMakeFiles/Aks-SmartCar.dir/Core/Src/stm32f4xx_hal_msp.c.obj
 .debug_str     0x000c7d58       0x8f CMakeFiles/Aks-SmartCar.dir/startup_stm32f407xx.s.obj
 .debug_str     0x000c7d58    0xc403f D:/Users/sky/Desktop/MCDP/code/AKS_CAR/config_default/cmake/stm32cubemx/CMakeFiles/STM32_Drivers.dir/__/__/Core/Src/system_stm32f4xx.c.obj
 .debug_str     0x000c7d58    0xc53c9 D:/Users/sky/Desktop/MCDP/code/AKS_CAR/config_default/cmake/stm32cubemx/CMakeFiles/STM32_Drivers.dir/__/__/Drivers/STM32F4xx_HAL_Driver/Src/stm32f4xx_hal_tim.c.obj
 .debug_str     0x000c7d58    0xc4bd5 D:/Users/sky/Desktop/MCDP/code/AKS_CAR/config_default/cmake/stm32cubemx/CMakeFiles/STM32_Drivers.dir/__/__/Drivers/STM32F4xx_HAL_Driver/Src/stm32f4xx_hal_tim_ex.c.obj
 .debug_str     0x000c7d58    0xc4473 D:/Users/sky/Desktop/MCDP/code/AKS_CAR/config_default/cmake/stm32cubemx/CMakeFiles/STM32_Drivers.dir/__/__/Drivers/STM32F4xx_HAL_Driver/Src/stm32f4xx_hal_rcc.c.obj
 .debug_str     0x000c7d58    0xc41ba D:/Users/sky/Desktop/MCDP/code/AKS_CAR/config_default/cmake/stm32cubemx/CMakeFiles/STM32_Drivers.dir/__/__/Drivers/STM32F4xx_HAL_Driver/Src/stm32f4xx_hal_gpio.c.obj
 .debug_str     0x000c7d58    0xc4459 D:/Users/sky/Desktop/MCDP/code/AKS_CAR/config_default/cmake/stm32cubemx/CMakeFiles/STM32_Drivers.dir/__/__/Drivers/STM32F4xx_HAL_Driver/Src/stm32f4xx_hal_dma.c.obj
 .debug_str     0x000c7d58    0xc493f D:/Users/sky/Desktop/MCDP/code/AKS_CAR/config_default/cmake/stm32cubemx/CMakeFiles/STM32_Drivers.dir/__/__/Drivers/STM32F4xx_HAL_Driver/Src/stm32f4xx_hal_cortex.c.obj
 .debug_str     0x000c7d58    0xc4bc3 D:/Users/sky/Desktop/MCDP/code/AKS_CAR/config_default/cmake/stm32cubemx/CMakeFiles/STM32_Drivers.dir/__/__/Drivers/STM32F4xx_HAL_Driver/Src/stm32f4xx_hal.c.obj
 .debug_str     0x000c7d58    0xc4a54 D:/Users/sky/Desktop/MCDP/code/AKS_CAR/config_default/cmake/stm32cubemx/CMakeFiles/STM32_Drivers.dir/__/__/Drivers/STM32F4xx_HAL_Driver/Src/stm32f4xx_hal_uart.c.obj

.debug_line_str
                0x00000000       0x73
 .debug_line_str
                0x00000000       0x73 CMakeFiles/Aks-SmartCar.dir/startup_stm32f407xx.s.obj
